Component: ARM Compiler 5.06 update 6 (build 750) Tool: armlink [4d35ed]

==============================================================================

Section Cross References

    stm32f4xx_it.o(i.SysTick_Handler) refers to stm32f4xx_it.o(.data) for __msTick
    stm32f4xx_it.o(i.TIM3_IRQHandler) refers to stm32f4xx_tim.o(i.TIM_GetITStatus) for TIM_GetITStatus
    stm32f4xx_it.o(i.TIM3_IRQHandler) refers to stm32f4xx_tim.o(i.TIM_ClearITPendingBit) for TIM_ClearITPendingBit
    stm32f4xx_it.o(i.TIM3_IRQHandler) refers to dflti.o(.text) for __aeabi_i2d
    stm32f4xx_it.o(i.TIM3_IRQHandler) refers to dmul.o(.text) for __aeabi_dmul
    stm32f4xx_it.o(i.TIM3_IRQHandler) refers to dfixi.o(.text) for __aeabi_d2iz
    stm32f4xx_it.o(i.TIM3_IRQHandler) refers to ddiv.o(.text) for __aeabi_ddiv
    stm32f4xx_it.o(i.TIM3_IRQHandler) refers to d2f.o(.text) for __aeabi_d2f
    stm32f4xx_it.o(i.TIM3_IRQHandler) refers to stm32f4xx_it.o(i.pid_speed) for pid_speed
    stm32f4xx_it.o(i.TIM3_IRQHandler) refers to stm32f4xx_gpio.o(i.GPIO_WriteBit) for GPIO_WriteBit
    stm32f4xx_it.o(i.TIM3_IRQHandler) refers to stm32f4xx_it.o(.data) for encoder
    stm32f4xx_it.o(i.TIM3_IRQHandler) refers to main.o(.data) for setpoint
    stm32f4xx_it.o(i.pid_speed) refers to stm32f4xx_it.o(.data) for error_pid
    system_stm32f4xx.o(i.SystemCoreClockUpdate) refers to system_stm32f4xx.o(.data) for SystemCoreClock
    system_stm32f4xx.o(i.SystemInit) refers to system_stm32f4xx.o(i.SetSysClock) for SetSysClock
    config_gpio.o(i.Config_GPIO) refers to stm32f4xx_rcc.o(i.RCC_AHB1PeriphClockCmd) for RCC_AHB1PeriphClockCmd
    config_gpio.o(i.Config_GPIO) refers to stm32f4xx_gpio.o(i.GPIO_Init) for GPIO_Init
    delay.o(i.Delay_init) refers to stm32f4xx_rcc.o(i.RCC_APB1PeriphClockCmd) for RCC_APB1PeriphClockCmd
    delay.o(i.Delay_init) refers to stm32f4xx_tim.o(i.TIM_TimeBaseInit) for TIM_TimeBaseInit
    delay.o(i.Delay_init) refers to stm32f4xx_tim.o(i.TIM_Cmd) for TIM_Cmd
    delay.o(i.delay_ms) refers to stm32f4xx_tim.o(i.TIM_SetCounter) for TIM_SetCounter
    delay.o(i.delay_ms) refers to stm32f4xx_tim.o(i.TIM_GetCounter) for TIM_GetCounter
    delay.o(i.delay_us) refers to stm32f4xx_tim.o(i.TIM_SetCounter) for TIM_SetCounter
    delay.o(i.delay_us) refers to stm32f4xx_tim.o(i.TIM_GetCounter) for TIM_GetCounter
    delay.o(i.millis) refers to stm32f4xx_it.o(.data) for __msTick
    pwm.o(i.PWM_TIM1_init) refers to stm32f4xx_rcc.o(i.RCC_APB2PeriphClockCmd) for RCC_APB2PeriphClockCmd
    pwm.o(i.PWM_TIM1_init) refers to stm32f4xx_rcc.o(i.RCC_AHB1PeriphClockCmd) for RCC_AHB1PeriphClockCmd
    pwm.o(i.PWM_TIM1_init) refers to stm32f4xx_tim.o(i.TIM_TimeBaseInit) for TIM_TimeBaseInit
    pwm.o(i.PWM_TIM1_init) refers to stm32f4xx_gpio.o(i.GPIO_Init) for GPIO_Init
    pwm.o(i.PWM_TIM1_init) refers to stm32f4xx_gpio.o(i.GPIO_PinAFConfig) for GPIO_PinAFConfig
    pwm.o(i.PWM_TIM1_init) refers to stm32f4xx_tim.o(i.TIM_OC3Init) for TIM_OC3Init
    pwm.o(i.PWM_TIM1_init) refers to stm32f4xx_tim.o(i.TIM_OC3PreloadConfig) for TIM_OC3PreloadConfig
    pwm.o(i.PWM_TIM1_init) refers to stm32f4xx_tim.o(i.TIM_OC1Init) for TIM_OC1Init
    pwm.o(i.PWM_TIM1_init) refers to stm32f4xx_tim.o(i.TIM_OC1PreloadConfig) for TIM_OC1PreloadConfig
    pwm.o(i.PWM_TIM1_init) refers to stm32f4xx_tim.o(i.TIM_ARRPreloadConfig) for TIM_ARRPreloadConfig
    pwm.o(i.PWM_TIM1_init) refers to stm32f4xx_tim.o(i.TIM_Cmd) for TIM_Cmd
    pwm.o(i.PWM_TIM1_init) refers to stm32f4xx_tim.o(i.TIM_CtrlPWMOutputs) for TIM_CtrlPWMOutputs
    main.o(i.USART1_IRQHandler) refers to _scanf_int.o(.text) for _scanf_int
    main.o(i.USART1_IRQHandler) refers to scanf_fp.o(.text) for _scanf_real
    main.o(i.USART1_IRQHandler) refers to stm32f4xx_usart.o(i.USART_GetITStatus) for USART_GetITStatus
    main.o(i.USART1_IRQHandler) refers to stm32f4xx_usart.o(i.USART_GetFlagStatus) for USART_GetFlagStatus
    main.o(i.USART1_IRQHandler) refers to stm32f4xx_usart.o(i.USART_ReceiveData) for USART_ReceiveData
    main.o(i.USART1_IRQHandler) refers to __0sscanf.o(.text) for __0sscanf
    main.o(i.USART1_IRQHandler) refers to main.o(i.clearbufferEnd) for clearbufferEnd
    main.o(i.USART1_IRQHandler) refers to stm32f4xx_usart.o(i.USART_ClearITPendingBit) for USART_ClearITPendingBit
    main.o(i.USART1_IRQHandler) refers to main.o(.data) for data_rx
    main.o(i.USART1_IRQHandler) refers to main.o(.bss) for rx_buffer
    main.o(i.clearbufferEnd) refers to main.o(.bss) for rx_buffer
    main.o(i.clearbufferEnd) refers to main.o(.data) for rx_index
    main.o(i.main) refers to pwm.o(i.PWM_TIM1_init) for PWM_TIM1_init
    main.o(i.main) refers to delay.o(i.Delay_init) for Delay_init
    main.o(i.main) refers to i2c_lcd.o(i.I2C_LCD_Init) for I2C_LCD_Init
    main.o(i.main) refers to i2c_lcd.o(i.I2C_LCD_BackLight) for I2C_LCD_BackLight
    main.o(i.main) refers to i2c_lcd.o(i.I2C_LCD_Clear) for I2C_LCD_Clear
[...]
    Removing stm32f4xx_gpio.o(.rrx_text), (6 bytes).
    Removing stm32f4xx_gpio.o(i.GPIO_DeInit), (312 bytes).
    Removing stm32f4xx_gpio.o(i.GPIO_PinLockConfig), (34 bytes).
    Removing stm32f4xx_gpio.o(i.GPIO_ReadInputData), (8 bytes).
    Removing stm32f4xx_gpio.o(i.GPIO_ReadOutputData), (8 bytes).
    Removing stm32f4xx_gpio.o(i.GPIO_ReadOutputDataBit), (18 bytes).
    Removing stm32f4xx_gpio.o(i.GPIO_StructInit), (18 bytes).
    Removing stm32f4xx_gpio.o(i.GPIO_ToggleBits), (8 bytes).
    Removing stm32f4xx_gpio.o(i.GPIO_Write), (4 bytes).
    Removing stm32f4xx_tim.o(.rev16_text), (4 bytes).
    Removing stm32f4xx_tim.o(.revsh_text), (4 bytes).
    Removing stm32f4xx_tim.o(.rrx_text), (6 bytes).
    Removing stm32f4xx_tim.o(i.TIM_BDTRConfig), (32 bytes).
    Removing stm32f4xx_tim.o(i.TIM_BDTRStructInit), (18 bytes).
    Removing stm32f4xx_tim.o(i.TIM_CCPreloadControl), (24 bytes).
    Removing stm32f4xx_tim.o(i.TIM_CCxCmd), (30 bytes).
    Removing stm32f4xx_tim.o(i.TIM_CCxNCmd), (30 bytes).
    Removing stm32f4xx_tim.o(i.TIM_ClearFlag), (6 bytes).
    Removing stm32f4xx_tim.o(i.TIM_ClearOC1Ref), (18 bytes).
    Removing stm32f4xx_tim.o(i.TIM_ClearOC2Ref), (24 bytes).
    Removing stm32f4xx_tim.o(i.TIM_ClearOC3Ref), (18 bytes).
    Removing stm32f4xx_tim.o(i.TIM_ClearOC4Ref), (24 bytes).
    Removing stm32f4xx_tim.o(i.TIM_CounterModeConfig), (18 bytes).
    Removing stm32f4xx_tim.o(i.TIM_DMACmd), (18 bytes).
    Removing stm32f4xx_tim.o(i.TIM_DMAConfig), (10 bytes).
    Removing stm32f4xx_tim.o(i.TIM_DeInit), (400 bytes).
    Removing stm32f4xx_tim.o(i.TIM_ETRClockMode1Config), (54 bytes).
    Removing stm32f4xx_tim.o(i.TIM_ETRClockMode2Config), (32 bytes).
    Removing stm32f4xx_tim.o(i.TIM_ETRConfig), (28 bytes).
    Removing stm32f4xx_tim.o(i.TIM_ForcedOC1Config), (18 bytes).
    Removing stm32f4xx_tim.o(i.TIM_ForcedOC2Config), (26 bytes).
    Removing stm32f4xx_tim.o(i.TIM_ForcedOC3Config), (18 bytes).
    Removing stm32f4xx_tim.o(i.TIM_ForcedOC4Config), (26 bytes).
    Removing stm32f4xx_tim.o(i.TIM_GenerateEvent), (4 bytes).
    Removing stm32f4xx_tim.o(i.TIM_GetCapture1), (6 bytes).
    Removing stm32f4xx_tim.o(i.TIM_GetCapture2), (6 bytes).
    Removing stm32f4xx_tim.o(i.TIM_GetCapture3), (6 bytes).
    Removing stm32f4xx_tim.o(i.TIM_GetCapture4), (6 bytes).
    Removing stm32f4xx_tim.o(i.TIM_GetFlagStatus), (18 bytes).
    Removing stm32f4xx_tim.o(i.TIM_GetPrescaler), (6 bytes).
    Removing stm32f4xx_tim.o(i.TIM_ICStructInit), (18 bytes).
    Removing stm32f4xx_tim.o(i.TIM_ITRxExternalClockConfig), (24 bytes).
    Removing stm32f4xx_tim.o(i.TIM_InternalClockConfig), (12 bytes).
    Removing stm32f4xx_tim.o(i.TIM_OC1FastConfig), (18 bytes).
    Removing stm32f4xx_tim.o(i.TIM_OC1NPolarityConfig), (18 bytes).
    Removing stm32f4xx_tim.o(i.TIM_OC1PolarityConfig), (18 bytes).
    Removing stm32f4xx_tim.o(i.TIM_OC2FastConfig), (26 bytes).
    Removing stm32f4xx_tim.o(i.TIM_OC2Init), (164 bytes).
    Removing stm32f4xx_tim.o(i.TIM_OC2NPolarityConfig), (26 bytes).
    Removing stm32f4xx_tim.o(i.TIM_OC2PolarityConfig), (26 bytes).
    Removing stm32f4xx_tim.o(i.TIM_OC2PreloadConfig), (26 bytes).
    Removing stm32f4xx_tim.o(i.TIM_OC3FastConfig), (18 bytes).
    Removing stm32f4xx_tim.o(i.TIM_OC3NPolarityConfig), (26 bytes).
    Removing stm32f4xx_tim.o(i.TIM_OC3PolarityConfig), (26 bytes).
    Removing stm32f4xx_tim.o(i.TIM_OC4FastConfig), (26 bytes).
    Removing stm32f4xx_tim.o(i.TIM_OC4Init), (120 bytes).
    Removing stm32f4xx_tim.o(i.TIM_OC4PolarityConfig), (26 bytes).
    Removing stm32f4xx_tim.o(i.TIM_OC4PreloadConfig), (26 bytes).
    Removing stm32f4xx_tim.o(i.TIM_OCStructInit), (20 bytes).
    Removing stm32f4xx_tim.o(i.TIM_PWMIConfig), (124 bytes).
    Removing stm32f4xx_tim.o(i.TIM_PrescalerConfig), (6 bytes).
    Removing stm32f4xx_tim.o(i.TIM_RemapConfig), (6 bytes).
    Removing stm32f4xx_tim.o(i.TIM_SelectCCDMA), (24 bytes).
    Removing stm32f4xx_tim.o(i.TIM_SelectCOM), (24 bytes).
    Removing stm32f4xx_tim.o(i.TIM_SelectHallSensor), (24 bytes).
    Removing stm32f4xx_tim.o(i.TIM_SelectInputTrigger), (18 bytes).
    Removing stm32f4xx_tim.o(i.TIM_SelectMasterSlaveMode), (18 bytes).
    Removing stm32f4xx_tim.o(i.TIM_SelectOCxM), (86 bytes).
    Removing stm32f4xx_tim.o(i.TIM_SelectOnePulseMode), (18 bytes).
    Removing stm32f4xx_tim.o(i.TIM_SelectOutputTrigger), (18 bytes).
    Removing stm32f4xx_tim.o(i.TIM_SelectSlaveMode), (18 bytes).
    Removing stm32f4xx_tim.o(i.TIM_SetAutoreload), (4 bytes).
    Removing stm32f4xx_tim.o(i.TIM_SetClockDivision), (18 bytes).
    Removing stm32f4xx_tim.o(i.TIM_SetCompare1), (4 bytes).
    Removing stm32f4xx_tim.o(i.TIM_SetCompare2), (4 bytes).
    Removing stm32f4xx_tim.o(i.TIM_SetCompare3), (4 bytes).
    Removing stm32f4xx_tim.o(i.TIM_SetCompare4), (4 bytes).
    Removing stm32f4xx_tim.o(i.TIM_TIxExternalClockConfig), (62 bytes).
    Removing stm32f4xx_tim.o(i.TIM_TimeBaseStructInit), (18 bytes).
    Removing stm32f4xx_tim.o(i.TIM_UpdateDisableConfig), (24 bytes).
    Removing stm32f4xx_tim.o(i.TIM_UpdateRequestConfig), (24 bytes).
    Removing stm32f4xx_syscfg.o(.rev16_text), (4 bytes).
    Removing stm32f4xx_syscfg.o(.revsh_text), (4 bytes).
    Removing stm32f4xx_syscfg.o(.rrx_text), (6 bytes).
    Removing stm32f4xx_syscfg.o(i.SYSCFG_CompensationCellCmd), (12 bytes).
    Removing stm32f4xx_syscfg.o(i.SYSCFG_DeInit), (22 bytes).
    Removing stm32f4xx_syscfg.o(i.SYSCFG_ETH_MediaInterfaceConfig), (12 bytes).
    Removing stm32f4xx_syscfg.o(i.SYSCFG_GetCompensationCellStatus), (24 bytes).
    Removing stm32f4xx_syscfg.o(i.SYSCFG_MemoryRemapConfig), (12 bytes).
    Removing stm32f4xx_syscfg.o(i.SYSCFG_MemorySwappingBank), (12 bytes).
    Removing stm32f4xx_exti.o(.rev16_text), (4 bytes).
    Removing stm32f4xx_exti.o(.revsh_text), (4 bytes).
    Removing stm32f4xx_exti.o(.rrx_text), (6 bytes).
    Removing stm32f4xx_exti.o(i.EXTI_ClearFlag), (12 bytes).
    Removing stm32f4xx_exti.o(i.EXTI_ClearITPendingBit), (12 bytes).
    Removing stm32f4xx_exti.o(i.EXTI_DeInit), (36 bytes).
    Removing stm32f4xx_exti.o(i.EXTI_GenerateSWInterrupt), (16 bytes).
    Removing stm32f4xx_exti.o(i.EXTI_GetFlagStatus), (24 bytes).
    Removing stm32f4xx_exti.o(i.EXTI_StructInit), (16 bytes).
    Removing stm32f4xx_i2c.o(.rev16_text), (4 bytes).
    Removing stm32f4xx_i2c.o(.revsh_text), (4 bytes).
    Removing stm32f4xx_i2c.o(.rrx_text), (6 bytes).
    Removing stm32f4xx_i2c.o(i.I2C_ARPCmd), (24 bytes).
    Removing stm32f4xx_i2c.o(i.I2C_AcknowledgeConfig), (24 bytes).
    Removing stm32f4xx_i2c.o(i.I2C_AnalogFilterCmd), (24 bytes).
    Removing stm32f4xx_i2c.o(i.I2C_CalculatePEC), (24 bytes).
    Removing stm32f4xx_i2c.o(i.I2C_CheckEvent), (42 bytes).
    Removing stm32f4xx_i2c.o(i.I2C_ClearFlag), (12 bytes).
    Removing stm32f4xx_i2c.o(i.I2C_ClearITPendingBit), (12 bytes).
    Removing stm32f4xx_i2c.o(i.I2C_Cmd), (24 bytes).
    Removing stm32f4xx_i2c.o(i.I2C_DMACmd), (24 bytes).
    Removing stm32f4xx_i2c.o(i.I2C_DMALastTransferCmd), (24 bytes).
    Removing stm32f4xx_i2c.o(i.I2C_DeInit), (96 bytes).
    Removing stm32f4xx_i2c.o(i.I2C_DigitalFilterConfig), (22 bytes).
    Removing stm32f4xx_i2c.o(i.I2C_DualAddressCmd), (24 bytes).
    Removing stm32f4xx_i2c.o(i.I2C_FastModeDutyCycleConfig), (28 bytes).
    Removing stm32f4xx_i2c.o(i.I2C_GeneralCallCmd), (24 bytes).
    Removing stm32f4xx_i2c.o(i.I2C_GenerateSTART), (24 bytes).
    Removing stm32f4xx_i2c.o(i.I2C_GenerateSTOP), (24 bytes).
    Removing stm32f4xx_i2c.o(i.I2C_GetFlagStatus), (58 bytes).
    Removing stm32f4xx_i2c.o(i.I2C_GetITStatus), (38 bytes).
    Removing stm32f4xx_i2c.o(i.I2C_GetLastEvent), (26 bytes).
    Removing stm32f4xx_i2c.o(i.I2C_GetPEC), (8 bytes).
    Removing stm32f4xx_i2c.o(i.I2C_ITConfig), (18 bytes).
    Removing stm32f4xx_i2c.o(i.I2C_Init), (232 bytes).
    Removing stm32f4xx_i2c.o(i.I2C_NACKPositionConfig), (28 bytes).
    Removing stm32f4xx_i2c.o(i.I2C_OwnAddress2Config), (22 bytes).
    Removing stm32f4xx_i2c.o(i.I2C_PECPositionConfig), (28 bytes).
    Removing stm32f4xx_i2c.o(i.I2C_ReadRegister), (22 bytes).
    Removing stm32f4xx_i2c.o(i.I2C_ReceiveData), (8 bytes).
    Removing stm32f4xx_i2c.o(i.I2C_SMBusAlertConfig), (28 bytes).
    Removing stm32f4xx_i2c.o(i.I2C_Send7bitAddress), (16 bytes).
    Removing stm32f4xx_i2c.o(i.I2C_SendData), (4 bytes).
    Removing stm32f4xx_i2c.o(i.I2C_SoftwareResetCmd), (22 bytes).
    Removing stm32f4xx_i2c.o(i.I2C_StretchClockCmd), (24 bytes).
    Removing stm32f4xx_i2c.o(i.I2C_StructInit), (30 bytes).
    Removing stm32f4xx_i2c.o(i.I2C_TransmitPEC), (24 bytes).

266 unused section(s) (total 7646 bytes) removed from the image.

==============================================================================

Image Symbol Table

    Local Symbols

    Symbol Name                              Value     Ov Type        Size  Object(Section)

    ../clib/microlib/ctype/ctype.c           0x00000000   Number         0  ctype_c.o ABSOLUTE
    ../clib/microlib/ctype/ctype.c           0x00000000   Number         0  isspace_c.o ABSOLUTE
    ../clib/microlib/division.c              0x00000000   Number         0  uldiv.o ABSOLUTE
    ../clib/microlib/division.c              0x00000000   Number         0  uidiv.o ABSOLUTE
    ../clib/microlib/init/entry.s            0x00000000   Number         0  entry9b.o ABSOLUTE
    ../clib/microlib/init/entry.s            0x00000000   Number         0  entry11b.o ABSOLUTE
    ../clib/microlib/init/entry.s            0x00000000   Number         0  entry7b.o ABSOLUTE
    ../clib/microlib/init/entry.s            0x00000000   Number         0  entry11a.o ABSOLUTE
    ../clib/microlib/init/entry.s            0x00000000   Number         0  entry10b.o ABSOLUTE
    ../clib/microlib/init/entry.s            0x00000000   Number         0  entry8a.o ABSOLUTE
    ../clib/microlib/init/entry.s            0x00000000   Number         0  entry10a.o ABSOLUTE
    ../clib/microlib/init/entry.s            0x00000000   Number         0  entry.o ABSOLUTE
    ../clib/microlib/init/entry.s            0x00000000   Number         0  entry8b.o ABSOLUTE
    ../clib/microlib/init/entry.s            0x00000000   Number         0  entry2.o ABSOLUTE
    ../clib/microlib/init/entry.s            0x00000000   Number         0  entry9a.o ABSOLUTE
    ../clib/microlib/init/entry.s            0x00000000   Number         0  entry5.o ABSOLUTE
    ../clib/microlib/init/entry.s            0x00000000   Number         0  entry7a.o ABSOLUTE
    ../clib/microlib/longlong.c              0x00000000   Number         0  llushr.o ABSOLUTE
    ../clib/microlib/longlong.c              0x00000000   Number         0  llsshr.o ABSOLUTE
    ../clib/microlib/longlong.c              0x00000000   Number         0  llshl.o ABSOLUTE
    ../clib/microlib/printf/printf.c         0x00000000   Number         0  printf6.o ABSOLUTE
    ../clib/microlib/printf/printf.c         0x00000000   Number         0  printfa.o ABSOLUTE
    ../clib/microlib/printf/printf.c         0x00000000   Number         0  printf8.o ABSOLUTE
    ../clib/microlib/printf/printf.c         0x00000000   Number         0  printfb.o ABSOLUTE
    ../clib/microlib/printf/printf.c         0x00000000   Number         0  printf0.o ABSOLUTE
    ../clib/microlib/printf/printf.c         0x00000000   Number         0  printf1.o ABSOLUTE
    ../clib/microlib/printf/printf.c         0x00000000   Number         0  printf2.o ABSOLUTE
    ../clib/microlib/printf/printf.c         0x00000000   Number         0  printf7.o ABSOLUTE
    ../clib/microlib/printf/printf.c         0x00000000   Number         0  printf3.o ABSOLUTE
    ../clib/microlib/printf/printf.c         0x00000000   Number         0  printf4.o ABSOLUTE
    ../clib/microlib/printf/printf.c         0x00000000   Number         0  printf5.o ABSOLUTE
    ../clib/microlib/printf/stubs.s          0x00000000   Number         0  stubs.o ABSOLUTE
    ../clib/microlib/stdio/fputc.c           0x00000000   Number         0  fputc.o ABSOLUTE
    ../clib/microlib/stdio/semi.s            0x00000000   Number         0  semi.o ABSOLUTE
    ../clib/microlib/stdio/streams.c         0x00000000   Number         0  stdout.o ABSOLUTE
    ../clib/microlib/string/strcat.c         0x00000000   Number         0  strcat.o ABSOLUTE
    ../clib/microlib/stubs.s                 0x00000000   Number         0  iusesemip.o ABSOLUTE
    ../clib/microlib/stubs.s                 0x00000000   Number         0  iusefp.o ABSOLUTE
    ../clib/scanf.c                          0x00000000   Number         0  __0sscanf.o ABSOLUTE
    ../clib/scanf.c                          0x00000000   Number         0  _scanf_int.o ABSOLUTE
    ../clib/scanf.c                          0x00000000   Number         0  scanf_fp.o ABSOLUTE
    ../clib/scanf.c                          0x00000000   Number         0  scanf_char.o ABSOLUTE
    ../clib/scanf.c                          0x00000000   Number         0  _chval.o ABSOLUTE
    ../clib/scanf.c                          0x00000000   Number         0  _sgetc.o ABSOLUTE
    ../clib/scanf.c                          0x00000000   Number         0  _scanf.o ABSOLUTE
    ../fplib/microlib/d2f.c                  0x00000000   Number         0  d2f.o ABSOLUTE
    ../fplib/microlib/f2d.c                  0x00000000   Number         0  f2d.o ABSOLUTE
    ../fplib/microlib/fpadd.c                0x00000000   Number         0  dadd.o ABSOLUTE
    ../fplib/microlib/fpdiv.c                0x00000000   Number         0  ddiv.o ABSOLUTE
    ../fplib/microlib/fpepilogue.c           0x00000000   Number         0  depilogue.o ABSOLUTE
    ../fplib/microlib/fpepilogue.c           0x00000000   Number         0  fepilogue.o ABSOLUTE
    ../fplib/microlib/fpfix.c                0x00000000   Number         0  dfixul.o ABSOLUTE
    ../fplib/microlib/fpfix.c                0x00000000   Number         0  dfixi.o ABSOLUTE
    ../fplib/microlib/fpflt.c                0x00000000   Number         0  dfltul.o ABSOLUTE
    ../fplib/microlib/fpflt.c                0x00000000   Number         0  dflti.o ABSOLUTE
    ../fplib/microlib/fpmul.c                0x00000000   Number         0  dmul.o ABSOLUTE
    ..\Libraries\CMSIS\Device\ST\STM32F4xx\Source\Templates\arm\startup_stm32f40xx.s 0x00000000   Number         0  startup_stm32f40xx.o ABSOLUTE
    ..\Libraries\STM32F4xx_StdPeriph_Driver\src\misc.c 0x00000000   Number         0  misc.o ABSOLUTE
    ..\Libraries\STM32F4xx_StdPeriph_Driver\src\stm32f4xx_exti.c 0x00000000   Number         0  stm32f4xx_exti.o ABSOLUTE
    ..\Libraries\STM32F4xx_StdPeriph_Driver\src\stm32f4xx_gpio.c 0x00000000   Number         0  stm32f4xx_gpio.o ABSOLUTE
    ..\Libraries\STM32F4xx_StdPeriph_Driver\src\stm32f4xx_i2c.c 0x00000000   Number         0  stm32f4xx_i2c.o ABSOLUTE
    ..\Libraries\STM32F4xx_StdPeriph_Driver\src\stm32f4xx_rcc.c 0x00000000   Number         0  stm32f4xx_rcc.o ABSOLUTE
    ..\Libraries\STM32F4xx_StdPeriph_Driver\src\stm32f4xx_syscfg.c 0x00000000   Number         0  stm32f4xx_syscfg.o ABSOLUTE
    ..\Libraries\STM32F4xx_StdPeriph_Driver\src\stm32f4xx_tim.c 0x00000000   Number         0  stm32f4xx_tim.o ABSOLUTE
    ..\Libraries\STM32F4xx_StdPeriph_Driver\src\stm32f4xx_usart.c 0x00000000   Number         0  stm32f4xx_usart.o ABSOLUTE
    ..\SRC\Config_GPIO.c                     0x00000000   Number         0  config_gpio.o ABSOLUTE
    ..\SRC\button_gpio.c                     0x00000000   Number         0  button_gpio.o ABSOLUTE
    ..\SRC\delay.c                           0x00000000   Number         0  delay.o ABSOLUTE
    ..\SRC\i2c.c                             0x00000000   Number         0  i2c.o ABSOLUTE
    ..\SRC\i2c_lcd.c                         0x00000000   Number         0  i2c_lcd.o ABSOLUTE
    ..\SRC\main.c                            0x00000000   Number         0  main.o ABSOLUTE
    ..\SRC\pwm.c                             0x00000000   Number         0  pwm.o ABSOLUTE
    ..\SRC\stm32f4xx_it.c                    0x00000000   Number         0  stm32f4xx_it.o ABSOLUTE
    ..\SRC\system_stm32f4xx.c                0x00000000   Number         0  system_stm32f4xx.o ABSOLUTE
    ..\SRC\timer_interupt.c                  0x00000000   Number         0  timer_interupt.o ABSOLUTE
    ..\SRC\uyen_encoder.c                    0x00000000   Number         0  uyen_encoder.o ABSOLUTE
    ..\SRC\uyen_uart.c                       0x00000000   Number         0  uyen_uart.o ABSOLUTE
    ..\\Libraries\\STM32F4xx_StdPeriph_Driver\\src\\misc.c 0x00000000   Number         0  misc.o ABSOLUTE
    ..\\Libraries\\STM32F4xx_StdPeriph_Driver\\src\\stm32f4xx_exti.c 0x00000000   Number         0  stm32f4xx_exti.o ABSOLUTE
    ..\\Libraries\\STM32F4xx_StdPeriph_Driver\\src\\stm32f4xx_gpio.c 0x00000000   Number         0  stm32f4xx_gpio.o ABSOLUTE
    ..\\Libraries\\STM32F4xx_StdPeriph_Driver\\src\\stm32f4xx_i2c.c 0x00000000   Number         0  stm32f4xx_i2c.o ABSOLUTE
    ..\\Libraries\\STM32F4xx_StdPeriph_Driver\\src\\stm32f4xx_rcc.c 0x00000000   Number         0  stm32f4xx_rcc.o ABSOLUTE
    ..\\Libraries\\STM32F4xx_StdPeriph_Driver\\src\\stm32f4xx_syscfg.c 0x00000000   Number         0  stm32f4xx_syscfg.o ABSOLUTE
    ..\\Libraries\\STM32F4xx_StdPeriph_Driver\\src\\stm32f4xx_tim.c 0x00000000   Number         0  stm32f4xx_tim.o ABSOLUTE
    ..\\Libraries\\STM32F4xx_StdPeriph_Driver\\src\\stm32f4xx_usart.c 0x00000000   Number         0  stm32f4xx_usart.o ABSOLUTE
    ..\\SRC\\Config_GPIO.c                   0x00000000   Number         0  config_gpio.o ABSOLUTE
    ..\\SRC\\button_gpio.c                   0x00000000   Number         0  button_gpio.o ABSOLUTE
    ..\\SRC\\delay.c                         0x00000000   Number         0  delay.o ABSOLUTE
    ..\\SRC\\i2c.c                           0x00000000   Number         0  i2c.o ABSOLUTE
    ..\\SRC\\i2c_lcd.c                       0x00000000   Number         0  i2c_lcd.o ABSOLUTE
    ..\\SRC\\main.c                          0x00000000   Number         0  main.o ABSOLUTE
    ..\\SRC\\pwm.c                           0x00000000   Number         0  pwm.o ABSOLUTE
    ..\\SRC\\stm32f4xx_it.c                  0x00000000   Number         0  stm32f4xx_it.o ABSOLUTE
    ..\\SRC\\system_stm32f4xx.c              0x00000000   Number         0  system_stm32f4xx.o ABSOLUTE
    ..\\SRC\\timer_interupt.c                0x00000000   Number         0  timer_interupt.o ABSOLUTE
    ..\\SRC\\uyen_encoder.c                  0x00000000   Number         0  uyen_encoder.o ABSOLUTE
    ..\\SRC\\uyen_uart.c                     0x00000000   Number         0  uyen_uart.o ABSOLUTE
    cdrcmple.s                               0x00000000   Number         0  cdrcmple.o ABSOLUTE
    dc.s                                     0x00000000   Number         0  dc.o ABSOLUTE
    handlers.s                               0x00000000   Number         0  handlers.o ABSOLUTE
    init.s                                   0x00000000   Number         0  init.o ABSOLUTE
    RESET                                    0x08000000   Section      392  startup_stm32f40xx.o(RESET)
    .ARM.Collect$$$$00000000                 0x08000188   Section        0  entry.o(.ARM.Collect$$$$00000000)
    .ARM.Collect$$$$00000001                 0x08000188   Section        4  entry2.o(.ARM.Collect$$$$00000001)
    .ARM.Collect$$$$00000004                 0x0800018c   Section        4  entry5.o(.ARM.Collect$$$$00000004)
    .ARM.Collect$$$$00000008                 0x08000190   Section        0  entry7b.o(.ARM.Collect$$$$00000008)
    .ARM.Collect$$$$0000000A                 0x08000190   Section        0  entry8b.o(.ARM.Collect$$$$0000000A)
    .ARM.Collect$$$$0000000B                 0x08000190   Section        8  entry9a.o(.ARM.Collect$$$$0000000B)
    .ARM.Collect$$$$0000000D                 0x08000198   Section        0  entry10a.o(.ARM.Collect$$$$0000000D)
    .ARM.Collect$$$$0000000F                 0x08000198   Section        0  entry11a.o(.ARM.Collect$$$$0000000F)
    .ARM.Collect$$$$00002712                 0x08000198   Section        4  entry2.o(.ARM.Collect$$$$00002712)
    __lit__00000000                          0x08000198   Data           4  entry2.o(.ARM.Collect$$$$00002712)
    .text                                    0x0800019c   Section       36  startup_stm32f40xx.o(.text)
    $v0                                      0x0800019c   Number         0  startup_stm32f40xx.o(.text)
    .text                                    0x080001c0   Section        0  strcat.o(.text)
    .text                                    0x080001d8   Section        0  __0sscanf.o(.text)
    .text                                    0x08000210   Section        0  _scanf_int.o(.text)
    .text                                    0x0800035c   Section        0  scanf_fp.o(.text)
    _fp_value                                0x0800035d   Thumb Code   296  scanf_fp.o(.text)
    .text                                    0x080006bc   Section        0  dmul.o(.text)
    .text                                    0x080007a0   Section        0  ddiv.o(.text)
    .text                                    0x0800087e   Section        0  dflti.o(.text)
    .text                                    0x080008a0   Section        0  dfixi.o(.text)
    .text                                    0x080008de   Section        0  f2d.o(.text)
    .text                                    0x08000904   Section        0  d2f.o(.text)
    .text                                    0x0800093c   Section        0  uidiv.o(.text)
    .text                                    0x08000968   Section        0  uldiv.o(.text)
    .text                                    0x080009ca   Section        0  llushr.o(.text)
    .text                                    0x080009ea   Section        0  _chval.o(.text)
    .text                                    0x08000a08   Section        0  scanf_char.o(.text)
    _scanf_char_input                        0x08000a09   Thumb Code    12  scanf_char.o(.text)
    .text                                    0x08000a30   Section        0  _sgetc.o(.text)
    .text                                    0x08000a70   Section        0  fepilogue.o(.text)
    .text                                    0x08000a70   Section        0  iusefp.o(.text)
    .text                                    0x08000ade   Section        0  depilogue.o(.text)
    .text                                    0x08000b98   Section        0  dadd.o(.text)
    .text                                    0x08000ce6   Section        0  dfltul.o(.text)
    .text                                    0x08000cfe   Section        0  dfixul.o(.text)
    .text                                    0x08000d30   Section       48  cdrcmple.o(.text)
    .text                                    0x08000d60   Section       36  init.o(.text)
    .text                                    0x08000d84   Section        0  llshl.o(.text)
    .text                                    0x08000da2   Section        0  llsshr.o(.text)
    .text                                    0x08000dc6   Section        0  isspace_c.o(.text)
    .text                                    0x08000dd0   Section        0  _scanf.o(.text)
    .text                                    0x080010fc   Section        0  ctype_c.o(.text)
    i.ConfigEncoder                          0x08001124   Section        0  uyen_encoder.o(i.ConfigEncoder)
    i.Config_GPIO                            0x0800112c   Section        0  config_gpio.o(i.Config_GPIO)
    i.Delay_init                             0x08001194   Section        0  delay.o(i.Delay_init)
    i.EXTI0_IRQHandler                       0x080011c0   Section        0  button_gpio.o(i.EXTI0_IRQHandler)
    i.EXTI1_IRQHandler                       0x0800123c   Section        0  button_gpio.o(i.EXTI1_IRQHandler)
    i.EXTI2_IRQHandler                       0x080012b8   Section        0  button_gpio.o(i.EXTI2_IRQHandler)
    i.EXTILine0_Config                       0x08001308   Section        0  button_gpio.o(i.EXTILine0_Config)
    i.EXTILine1_Config                       0x08001374   Section        0  button_gpio.o(i.EXTILine1_Config)
    i.EXTIReset_Config                       0x080013e4   Section        0  button_gpio.o(i.EXTIReset_Config)
    i.EXTI_GetITStatus                       0x08001454   Section        0  stm32f4xx_exti.o(i.EXTI_GetITStatus)
    i.EXTI_Init                              0x0800146c   Section        0  stm32f4xx_exti.o(i.EXTI_Init)
    i.Encoder2_Tim5_Init                     0x08001500   Section        0  uyen_encoder.o(i.Encoder2_Tim5_Init)
    i.GPIO_Init                              0x080015bc   Section        0  stm32f4xx_gpio.o(i.GPIO_Init)
    i.GPIO_PinAFConfig                       0x0800164c   Section        0  stm32f4xx_gpio.o(i.GPIO_PinAFConfig)
    i.GPIO_ReadInputDataBit                  0x08001692   Section        0  stm32f4xx_gpio.o(i.GPIO_ReadInputDataBit)
    i.GPIO_ResetBits                         0x080016a4   Section        0  stm32f4xx_gpio.o(i.GPIO_ResetBits)
    i.GPIO_SetBits                           0x080016a8   Section        0  stm32f4xx_gpio.o(i.GPIO_SetBits)
    i.GPIO_WriteBit                          0x080016ac   Section        0  stm32f4xx_gpio.o(i.GPIO_WriteBit)
    i.I2C_LCD_BackLight                      0x080016b8   Section        0  i2c_lcd.o(i.I2C_LCD_BackLight)
    i.I2C_LCD_Clear                          0x080016d8   Section        0  i2c_lcd.o(i.I2C_LCD_Clear)
    i.I2C_LCD_FlushVal                       0x080016e4   Section        0  i2c_lcd.o(i.I2C_LCD_FlushVal)
    I2C_LCD_FlushVal                         0x080016e5   Thumb Code    52  i2c_lcd.o(i.I2C_LCD_FlushVal)
    i.I2C_LCD_Init                           0x08001720   Section        0  i2c_lcd.o(i.I2C_LCD_Init)
    i.I2C_LCD_Puts                           0x080017a4   Section        0  i2c_lcd.o(i.I2C_LCD_Puts)
    i.I2C_LCD_WriteCmd                       0x080017c0   Section        0  i2c_lcd.o(i.I2C_LCD_WriteCmd)
    I2C_LCD_WriteCmd                         0x080017c1   Thumb Code    42  i2c_lcd.o(i.I2C_LCD_WriteCmd)
    i.I2C_LCD_Write_4bit                     0x080017f0   Section        0  i2c_lcd.o(i.I2C_LCD_Write_4bit)
    I2C_LCD_Write_4bit                       0x080017f1   Thumb Code   106  i2c_lcd.o(i.I2C_LCD_Write_4bit)
    i.I2C_Read                               0x08001860   Section        0  i2c.o(i.I2C_Read)
    i.I2C_Write                              0x080018a6   Section        0  i2c.o(i.I2C_Write)
    i.LCD_SetCursor                          0x080018ea   Section        0  i2c_lcd.o(i.LCD_SetCursor)
    i.LCD_WaitBusy                           0x08001918   Section        0  i2c_lcd.o(i.LCD_WaitBusy)
    i.LCD_Write_Chr                          0x08001984   Section        0  i2c_lcd.o(i.LCD_Write_Chr)
    i.My_I2C_Init                            0x080019b4   Section        0  i2c.o(i.My_I2C_Init)
    i.NVIC_Init                              0x080019bc   Section        0  misc.o(i.NVIC_Init)
    i.PWM_TIM1_init                          0x08001a34   Section        0  pwm.o(i.PWM_TIM1_init)
    i.RCC_AHB1PeriphClockCmd                 0x08001b00   Section        0  stm32f4xx_rcc.o(i.RCC_AHB1PeriphClockCmd)
    i.RCC_APB1PeriphClockCmd                 0x08001b20   Section        0  stm32f4xx_rcc.o(i.RCC_APB1PeriphClockCmd)
    i.RCC_APB2PeriphClockCmd                 0x08001b40   Section        0  stm32f4xx_rcc.o(i.RCC_APB2PeriphClockCmd)
    i.RCC_GetClocksFreq                      0x08001b60   Section        0  stm32f4xx_rcc.o(i.RCC_GetClocksFreq)
    i.SYSCFG_EXTILineConfig                  0x08001c48   Section        0  stm32f4xx_syscfg.o(i.SYSCFG_EXTILineConfig)
    i.SetSysClock                            0x08001c88   Section        0  system_stm32f4xx.o(i.SetSysClock)
    SetSysClock                              0x08001c89   Thumb Code   220  system_stm32f4xx.o(i.SetSysClock)
    i.SysTick_Handler                        0x08001d74   Section        0  stm32f4xx_it.o(i.SysTick_Handler)
    i.SystemInit                             0x08001d84   Section        0  system_stm32f4xx.o(i.SystemInit)
    i.TI1_Config                             0x08001dec   Section        0  stm32f4xx_tim.o(i.TI1_Config)
    TI1_Config                               0x08001ded   Thumb Code    58  stm32f4xx_tim.o(i.TI1_Config)
    i.TI2_Config                             0x08001e26   Section        0  stm32f4xx_tim.o(i.TI2_Config)
    TI2_Config                               0x08001e27   Thumb Code    80  stm32f4xx_tim.o(i.TI2_Config)
    i.TI3_Config                             0x08001e76   Section        0  stm32f4xx_tim.o(i.TI3_Config)
    TI3_Config                               0x08001e77   Thumb Code    72  stm32f4xx_tim.o(i.TI3_Config)
    i.TI4_Config                             0x08001ebe   Section        0  stm32f4xx_tim.o(i.TI4_Config)
    TI4_Config                               0x08001ebf   Thumb Code    80  stm32f4xx_tim.o(i.TI4_Config)
    i.TIM3_IRQHandler                        0x08001f10   Section        0  stm32f4xx_it.o(i.TIM3_IRQHandler)
    i.TIM_ARRPreloadConfig                   0x08002114   Section        0  stm32f4xx_tim.o(i.TIM_ARRPreloadConfig)
    i.TIM_ClearITPendingBit                  0x0800212c   Section        0  stm32f4xx_tim.o(i.TIM_ClearITPendingBit)
    i.TIM_Cmd                                0x08002132   Section        0  stm32f4xx_tim.o(i.TIM_Cmd)
    i.TIM_CtrlPWMOutputs                     0x0800214a   Section        0  stm32f4xx_tim.o(i.TIM_CtrlPWMOutputs)
    i.TIM_EncoderInterfaceConfig             0x08002168   Section        0  stm32f4xx_tim.o(i.TIM_EncoderInterfaceConfig)
    i.TIM_GetCounter                         0x080021aa   Section        0  stm32f4xx_tim.o(i.TIM_GetCounter)
    i.TIM_GetITStatus                        0x080021b0   Section        0  stm32f4xx_tim.o(i.TIM_GetITStatus)
    i.TIM_ICInit                             0x080021d2   Section        0  stm32f4xx_tim.o(i.TIM_ICInit)
    i.TIM_ITConfig                           0x08002240   Section        0  stm32f4xx_tim.o(i.TIM_ITConfig)
    i.TIM_OC1Init                            0x08002254   Section        0  stm32f4xx_tim.o(i.TIM_OC1Init)
    i.TIM_OC1PreloadConfig                   0x080022d0   Section        0  stm32f4xx_tim.o(i.TIM_OC1PreloadConfig)
    i.TIM_OC3Init                            0x080022e4   Section        0  stm32f4xx_tim.o(i.TIM_OC3Init)
    i.TIM_OC3PreloadConfig                   0x08002384   Section        0  stm32f4xx_tim.o(i.TIM_OC3PreloadConfig)
    i.TIM_SetCounter                         0x08002396   Section        0  stm32f4xx_tim.o(i.TIM_SetCounter)
    i.TIM_SetIC1Prescaler                    0x0800239a   Section        0  stm32f4xx_tim.o(i.TIM_SetIC1Prescaler)
    i.TIM_SetIC2Prescaler                    0x080023ac   Section        0  stm32f4xx_tim.o(i.TIM_SetIC2Prescaler)
    i.TIM_SetIC3Prescaler                    0x080023c6   Section        0  stm32f4xx_tim.o(i.TIM_SetIC3Prescaler)
    i.TIM_SetIC4Prescaler                    0x080023d8   Section        0  stm32f4xx_tim.o(i.TIM_SetIC4Prescaler)
    i.TIM_TimeBaseInit                       0x080023f4   Section        0  stm32f4xx_tim.o(i.TIM_TimeBaseInit)
    i.Timer3_Interrupt                       0x08002478   Section        0  timer_interupt.o(i.Timer3_Interrupt)
    i.USART1_IRQHandler                      0x080024ec   Section        0  main.o(i.USART1_IRQHandler)
    i.USART_ClearITPendingBit                0x080025cc   Section        0  stm32f4xx_usart.o(i.USART_ClearITPendingBit)
    i.USART_Cmd                              0x080025ea   Section        0  stm32f4xx_usart.o(i.USART_Cmd)
    i.USART_GetFlagStatus                    0x08002602   Section        0  stm32f4xx_usart.o(i.USART_GetFlagStatus)
    i.USART_GetITStatus                      0x0800261c   Section        0  stm32f4xx_usart.o(i.USART_GetITStatus)
    i.USART_ITConfig                         0x08002670   Section        0  stm32f4xx_usart.o(i.USART_ITConfig)
    i.USART_Init                             0x080026bc   Section        0  stm32f4xx_usart.o(i.USART_Init)
    i.USART_ReceiveData                      0x08002790   Section        0  stm32f4xx_usart.o(i.USART_ReceiveData)
    i.USART_SendData                         0x0800279a   Section        0  stm32f4xx_usart.o(i.USART_SendData)
    i.__0sprintf                             0x080027a4   Section        0  printfa.o(i.__0sprintf)
    i.__scatterload_copy                     0x080027cc   Section       14  handlers.o(i.__scatterload_copy)
    i.__scatterload_null                     0x080027da   Section        2  handlers.o(i.__scatterload_null)
    i.__scatterload_zeroinit                 0x080027dc   Section       14  handlers.o(i.__scatterload_zeroinit)
    i._fp_digits                             0x080027ec   Section        0  printfa.o(i._fp_digits)
    _fp_digits                               0x080027ed   Thumb Code   366  printfa.o(i._fp_digits)
    i._is_digit                              0x08002970   Section        0  scanf_fp.o(i._is_digit)
    i._printf_core                           0x08002980   Section        0  printfa.o(i._printf_core)
    _printf_core                             0x08002981   Thumb Code  1744  printfa.o(i._printf_core)
    i._printf_post_padding                   0x0800305c   Section        0  printfa.o(i._printf_post_padding)
    _printf_post_padding                     0x0800305d   Thumb Code    36  printfa.o(i._printf_post_padding)
    i._printf_pre_padding                    0x08003080   Section        0  printfa.o(i._printf_pre_padding)
    _printf_pre_padding                      0x08003081   Thumb Code    46  printfa.o(i._printf_pre_padding)
    i._sputc                                 0x080030ae   Section        0  printfa.o(i._sputc)
    _sputc                                   0x080030af   Thumb Code    10  printfa.o(i._sputc)
    i.clearbufferEnd                         0x080030b8   Section        0  main.o(i.clearbufferEnd)
    i.config_uart1                           0x080030dc   Section        0  uyen_uart.o(i.config_uart1)
    i.delay_ms                               0x08003194   Section        0  delay.o(i.delay_ms)
    i.delay_us                               0x080031bc   Section        0  delay.o(i.delay_us)
    i.i2c_init                               0x080031dc   Section        0  i2c.o(i.i2c_init)
    i.i2c_read                               0x08003224   Section        0  i2c.o(i.i2c_read)
    i.i2c_start                              0x080032c4   Section        0  i2c.o(i.i2c_start)
    i.i2c_stop                               0x0800330c   Section        0  i2c.o(i.i2c_stop)
    i.i2c_write                              0x08003344   Section        0  i2c.o(i.i2c_write)
    i.main                                   0x080033ec   Section        0  main.o(i.main)
    i.millis                                 0x080036c4   Section        0  delay.o(i.millis)
    i.pid_speed                              0x080036d0   Section        0  stm32f4xx_it.o(i.pid_speed)
    i.resetData                              0x08003798   Section        0  main.o(i.resetData)
    i.send_string_uart                       0x080037dc   Section        0  uyen_uart.o(i.send_string_uart)
    .constdata                               0x0800380c   Section       64  ctype_c.o(.constdata)
    .data                                    0x20000000   Section       64  stm32f4xx_it.o(.data)
    last_error                               0x2000003c   Data           4  stm32f4xx_it.o(.data)
    .data                                    0x20000040   Section       20  system_stm32f4xx.o(.data)
    .data                                    0x20000054   Section       58  main.o(.data)
    .data                                    0x20000090   Section       20  button_gpio.o(.data)
    .data                                    0x200000a4   Section        9  i2c_lcd.o(.data)
    u8LCD_Buff                               0x200000a4   Data           8  i2c_lcd.o(.data)
    u8LcdTmp                                 0x200000ac   Data           1  i2c_lcd.o(.data)
    .data                                    0x200000ad   Section       16  stm32f4xx_rcc.o(.data)
    APBAHBPrescTable                         0x200000ad   Data          16  stm32f4xx_rcc.o(.data)
    .bss                                     0x200000c0   Section       80  main.o(.bss)
    STACK                                    0x20000110   Section     1024  startup_stm32f40xx.o(STACK)

    Global Symbols

    Symbol Name                              Value     Ov Type        Size  Object(Section)

    BuildAttributes$$THM_ISAv4$E$P$D$K$B$S$7EM$VFPi3$EXTD16$VFPS$VFMA$PE$A:L22UL41UL21$X:L11$S22US41US21$IEEE1$IW$USESV6$~STKCKD$USESV7$~SHL$OTIME$ROPI$EBA8$MICROLIB$REQ8$PRES8$EABIv2 0x00000000   Number         0  anon$$obj.o ABSOLUTE
    __ARM_use_no_argv                        0x00000000   Number         0  main.o ABSOLUTE
    _printf_a                                0x00000000   Number         0  stubs.o ABSOLUTE
    _printf_c                                0x00000000   Number         0  stubs.o ABSOLUTE
    _printf_charcount                        0x00000000   Number         0  stubs.o ABSOLUTE
    _printf_d                                0x00000000   Number         0  stubs.o ABSOLUTE
    _printf_e                                0x00000000   Number         0  stubs.o ABSOLUTE
    _printf_f                                0x00000000   Number         0  stubs.o ABSOLUTE
    _printf_flags                            0x00000000   Number         0  stubs.o ABSOLUTE
    _printf_fp_dec                           0x00000000   Number         0  stubs.o ABSOLUTE
    _printf_fp_hex                           0x00000000   Number         0  stubs.o ABSOLUTE
    _printf_g                                0x00000000   Number         0  stubs.o ABSOLUTE
    _printf_i                                0x00000000   Number         0  stubs.o ABSOLUTE
    _printf_int_dec                          0x00000000   Number         0  stubs.o ABSOLUTE
    _printf_l                                0x00000000   Number         0  stubs.o ABSOLUTE
    _printf_lc                               0x00000000   Number         0  stubs.o ABSOLUTE
    _printf_ll                               0x00000000   Number         0  stubs.o ABSOLUTE
    _printf_lld                              0x00000000   Number         0  stubs.o ABSOLUTE
    _printf_lli                              0x00000000   Number         0  stubs.o ABSOLUTE
    _printf_llo                              0x00000000   Number         0  stubs.o ABSOLUTE
    _printf_llu                              0x00000000   Number         0  stubs.o ABSOLUTE
    _printf_llx                              0x00000000   Number         0  stubs.o ABSOLUTE
    _printf_longlong_dec                     0x00000000   Number         0  stubs.o ABSOLUTE
    _printf_longlong_hex                     0x00000000   Number         0  stubs.o ABSOLUTE
    _printf_longlong_oct                     0x00000000   Number         0  stubs.o ABSOLUTE
    _printf_ls                               0x00000000   Number         0  stubs.o ABSOLUTE
    _printf_mbtowc                           0x00000000   Number         0  stubs.o ABSOLUTE
    _printf_n                                0x00000000   Number         0  stubs.o ABSOLUTE
    _printf_o                                0x00000000   Number         0  stubs.o ABSOLUTE
    _printf_p                                0x00000000   Number         0  stubs.o ABSOLUTE
    _printf_percent                          0x00000000   Number         0  stubs.o ABSOLUTE
    _printf_pre_padding                      0x00000000   Number         0  stubs.o ABSOLUTE
    _printf_return_value                     0x00000000   Number         0  stubs.o ABSOLUTE
    _printf_s                                0x00000000   Number         0  stubs.o ABSOLUTE
    _printf_sizespec                         0x00000000   Number         0  stubs.o ABSOLUTE
    _printf_str                              0x00000000   Number         0  stubs.o ABSOLUTE
    _printf_truncate_signed                  0x00000000   Number         0  stubs.o ABSOLUTE
    _printf_truncate_unsigned                0x00000000   Number         0  stubs.o ABSOLUTE
    _printf_u                                0x00000000   Number         0  stubs.o ABSOLUTE
    _printf_wc                               0x00000000   Number         0  stubs.o ABSOLUTE
    _printf_wctomb                           0x00000000   Number         0  stubs.o ABSOLUTE
    _printf_widthprec                        0x00000000   Number         0  stubs.o ABSOLUTE
    _printf_x                                0x00000000   Number         0  stubs.o ABSOLUTE
    __cpp_initialize__aeabi_                  - Undefined Weak Reference
    __cxa_finalize                            - Undefined Weak Reference
    __decompress                              - Undefined Weak Reference
    _clock_init                               - Undefined Weak Reference
    _microlib_exit                            - Undefined Weak Reference
    _scanf_longlong                           - Undefined Weak Reference
    _scanf_string                             - Undefined Weak Reference
    __Vectors_Size                           0x00000188   Number         0  startup_stm32f40xx.o ABSOLUTE
    __Vectors                                0x08000000   Data           4  startup_stm32f40xx.o(RESET)
    __Vectors_End                            0x08000188   Data           0  startup_stm32f40xx.o(RESET)
    __main                                   0x08000189   Thumb Code     0  entry.o(.ARM.Collect$$$$00000000)
    _main_stk                                0x08000189   Thumb Code     0  entry2.o(.ARM.Collect$$$$00000001)
    _main_scatterload                        0x0800018d   Thumb Code     0  entry5.o(.ARM.Collect$$$$00000004)
    __main_after_scatterload                 0x08000191   Thumb Code     0  entry5.o(.ARM.Collect$$$$00000004)
    _main_clock                              0x08000191   Thumb Code     0  entry7b.o(.ARM.Collect$$$$00000008)
    _main_cpp_init                           0x08000191   Thumb Code     0  entry8b.o(.ARM.Collect$$$$0000000A)
    _main_init                               0x08000191   Thumb Code     0  entry9a.o(.ARM.Collect$$$$0000000B)
    __rt_final_cpp                           0x08000199   Thumb Code     0  entry10a.o(.ARM.Collect$$$$0000000D)
    __rt_final_exit                          0x08000199   Thumb Code     0  entry11a.o(.ARM.Collect$$$$0000000F)
    Reset_Handler                            0x0800019d   Thumb Code     8  startup_stm32f40xx.o(.text)
    NMI_Handler                              0x080001a5   Thumb Code     2  startup_stm32f40xx.o(.text)
    HardFault_Handler                        0x080001a7   Thumb Code     2  startup_stm32f40xx.o(.text)
    MemManage_Handler                        0x080001a9   Thumb Code     2  startup_stm32f40xx.o(.text)
    BusFault_Handler                         0x080001ab   Thumb Code     2  startup_stm32f40xx.o(.text)
    UsageFault_Handler                       0x080001ad   Thumb Code     2  startup_stm32f40xx.o(.text)
    SVC_Handler                              0x080001af   Thumb Code     2  startup_stm32f40xx.o(.text)
    DebugMon_Handler                         0x080001b1   Thumb Code     2  startup_stm32f40xx.o(.text)
    PendSV_Handler                           0x080001b3   Thumb Code     2  startup_stm32f40xx.o(.text)
    ADC_IRQHandler                           0x080001b7   Thumb Code     0  startup_stm32f40xx.o(.text)
    CAN1_RX0_IRQHandler                      0x080001b7   Thumb Code     0  startup_stm32f40xx.o(.text)
    CAN1_RX1_IRQHandler                      0x080001b7   Thumb Code     0  startup_stm32f40xx.o(.text)
    CAN1_SCE_IRQHandler                      0x080001b7   Thumb Code     0  startup_stm32f40xx.o(.text)
    CAN1_TX_IRQHandler                       0x080001b7   Thumb Code     0  startup_stm32f40xx.o(.text)
    CAN2_RX0_IRQHandler                      0x080001b7   Thumb Code     0  startup_stm32f40xx.o(.text)
    CAN2_RX1_IRQHandler                      0x080001b7   Thumb Code     0  startup_stm32f40xx.o(.text)
    CAN2_SCE_IRQHandler                      0x080001b7   Thumb Code     0  startup_stm32f40xx.o(.text)
    CAN2_TX_IRQHandler                       0x080001b7   Thumb Code     0  startup_stm32f40xx.o(.text)
    CRYP_IRQHandler                          0x080001b7   Thumb Code     0  startup_stm32f40xx.o(.text)
    DCMI_IRQHandler                          0x080001b7   Thumb Code     0  startup_stm32f40xx.o(.text)
    DMA1_Stream0_IRQHandler                  0x080001b7   Thumb Code     0  startup_stm32f40xx.o(.text)
    DMA1_Stream1_IRQHandler                  0x080001b7   Thumb Code     0  startup_stm32f40xx.o(.text)
    DMA1_Stream2_IRQHandler                  0x080001b7   Thumb Code     0  startup_stm32f40xx.o(.text)
    DMA1_Stream3_IRQHandler                  0x080001b7   Thumb Code     0  startup_stm32f40xx.o(.text)
    DMA1_Stream4_IRQHandler                  0x080001b7   Thumb Code     0  startup_stm32f40xx.o(.text)
    DMA1_Stream5_IRQHandler                  0x080001b7   Thumb Code     0  startup_stm32f40xx.o(.text)
    DMA1_Stream6_IRQHandler                  0x080001b7   Thumb Code     0  startup_stm32f40xx.o(.text)
    DMA1_Stream7_IRQHandler                  0x080001b7   Thumb Code     0  startup_stm32f40xx.o(.text)
    DMA2_Stream0_IRQHandler                  0x080001b7   Thumb Code     0  startup_stm32f40xx.o(.text)
    DMA2_Stream1_IRQHandler                  0x080001b7   Thumb Code     0  startup_stm32f40xx.o(.text)
    DMA2_Stream2_IRQHandler                  0x080001b7   Thumb Code     0  startup_stm32f40xx.o(.text)
    DMA2_Stream3_IRQHandler                  0x080001b7   Thumb Code     0  startup_stm32f40xx.o(.text)
    DMA2_Stream4_IRQHandler                  0x080001b7   Thumb Code     0  startup_stm32f40xx.o(.text)
    DMA2_Stream5_IRQHandler                  0x080001b7   Thumb Code     0  startup_stm32f40xx.o(.text)
    DMA2_Stream6_IRQHandler                  0x080001b7   Thumb Code     0  startup_stm32f40xx.o(.text)
    DMA2_Stream7_IRQHandler                  0x080001b7   Thumb Code     0  startup_stm32f40xx.o(.text)
    ETH_IRQHandler                           0x080001b7   Thumb Code     0  startup_stm32f40xx.o(.text)
    ETH_WKUP_IRQHandler                      0x080001b7   Thumb Code     0  startup_stm32f40xx.o(.text)
    EXTI15_10_IRQHandler                     0x080001b7   Thumb Code     0  startup_stm32f40xx.o(.text)
    EXTI3_IRQHandler                         0x080001b7   Thumb Code     0  startup_stm32f40xx.o(.text)
    EXTI4_IRQHandler                         0x080001b7   Thumb Code     0  startup_stm32f40xx.o(.text)
    EXTI9_5_IRQHandler                       0x080001b7   Thumb Code     0  startup_stm32f40xx.o(.text)
    FLASH_IRQHandler                         0x080001b7   Thumb Code     0  startup_stm32f40xx.o(.text)
    FPU_IRQHandler                           0x080001b7   Thumb Code     0  startup_stm32f40xx.o(.text)
    FSMC_IRQHandler                          0x080001b7   Thumb Code     0  startup_stm32f40xx.o(.text)
    HASH_RNG_IRQHandler                      0x080001b7   Thumb Code     0  startup_stm32f40xx.o(.text)
    I2C1_ER_IRQHandler                       0x080001b7   Thumb Code     0  startup_stm32f40xx.o(.text)
    I2C1_EV_IRQHandler                       0x080001b7   Thumb Code     0  startup_stm32f40xx.o(.text)
    I2C2_ER_IRQHandler                       0x080001b7   Thumb Code     0  startup_stm32f40xx.o(.text)
    I2C2_EV_IRQHandler                       0x080001b7   Thumb Code     0  startup_stm32f40xx.o(.text)
    I2C3_ER_IRQHandler                       0x080001b7   Thumb Code     0  startup_stm32f40xx.o(.text)
    I2C3_EV_IRQHandler                       0x080001b7   Thumb Code     0  startup_stm32f40xx.o(.text)
    OTG_FS_IRQHandler                        0x080001b7   Thumb Code     0  startup_stm32f40xx.o(.text)
    OTG_FS_WKUP_IRQHandler                   0x080001b7   Thumb Code     0  startup_stm32f40xx.o(.text)
    OTG_HS_EP1_IN_IRQHandler                 0x080001b7   Thumb Code     0  startup_stm32f40xx.o(.text)
    OTG_HS_EP1_OUT_IRQHandler                0x080001b7   Thumb Code     0  startup_stm32f40xx.o(.text)
    OTG_HS_IRQHandler                        0x080001b7   Thumb Code     0  startup_stm32f40xx.o(.text)
    OTG_HS_WKUP_IRQHandler                   0x080001b7   Thumb Code     0  startup_stm32f40xx.o(.text)
    PVD_IRQHandler                           0x080001b7   Thumb Code     0  startup_stm32f40xx.o(.text)
    RCC_IRQHandler                           0x080001b7   Thumb Code     0  startup_stm32f40xx.o(.text)
    RTC_Alarm_IRQHandler                     0x080001b7   Thumb Code     0  startup_stm32f40xx.o(.text)
    RTC_WKUP_IRQHandler                      0x080001b7   Thumb Code     0  startup_stm32f40xx.o(.text)
    SDIO_IRQHandler                          0x080001b7   Thumb Code     0  startup_stm32f40xx.o(.text)
    SPI1_IRQHandler                          0x080001b7   Thumb Code     0  startup_stm32f40xx.o(.text)
    SPI2_IRQHandler                          0x080001b7   Thumb Code     0  startup_stm32f40xx.o(.text)
    SPI3_IRQHandler                          0x080001b7   Thumb Code     0  startup_stm32f40xx.o(.text)
    TAMP_STAMP_IRQHandler                    0x080001b7   Thumb Code     0  startup_stm32f40xx.o(.text)
    TIM1_BRK_TIM9_IRQHandler                 0x080001b7   Thumb Code     0  startup_stm32f40xx.o(.text)
    TIM1_CC_IRQHandler                       0x080001b7   Thumb Code     0  startup_stm32f40xx.o(.text)
    TIM1_TRG_COM_TIM11_IRQHandler            0x080001b7   Thumb Code     0  startup_stm32f40xx.o(.text)
    TIM1_UP_TIM10_IRQHandler                 0x080001b7   Thumb Code     0  startup_stm32f40xx.o(.text)
    TIM2_IRQHandler                          0x080001b7   Thumb Code     0  startup_stm32f40xx.o(.text)
    TIM4_IRQHandler                          0x080001b7   Thumb Code     0  startup_stm32f40xx.o(.text)
    TIM5_IRQHandler                          0x080001b7   Thumb Code     0  startup_stm32f40xx.o(.text)
    TIM6_DAC_IRQHandler                      0x080001b7   Thumb Code     0  startup_stm32f40xx.o(.text)
    TIM7_IRQHandler                          0x080001b7   Thumb Code     0  startup_stm32f40xx.o(.text)
    TIM8_BRK_TIM12_IRQHandler                0x080001b7   Thumb Code     0  startup_stm32f40xx.o(.text)
    TIM8_CC_IRQHandler                       0x080001b7   Thumb Code     0  startup_stm32f40xx.o(.text)
    TIM8_TRG_COM_TIM14_IRQHandler            0x080001b7   Thumb Code     0  startup_stm32f40xx.o(.text)
    TIM8_UP_TIM13_IRQHandler                 0x080001b7   Thumb Code     0  startup_stm32f40xx.o(.text)
    UART4_IRQHandler                         0x080001b7   Thumb Code     0  startup_stm32f40xx.o(.text)
    UART5_IRQHandler                         0x080001b7   Thumb Code     0  startup_stm32f40xx.o(.text)
    USART2_IRQHandler                        0x080001b7   Thumb Code     0  startup_stm32f40xx.o(.text)
    USART3_IRQHandler                        0x080001b7   Thumb Code     0  startup_stm32f40xx.o(.text)
    USART6_IRQHandler                        0x080001b7   Thumb Code     0  startup_stm32f40xx.o(.text)
    WWDG_IRQHandler                          0x080001b7   Thumb Code     0  startup_stm32f40xx.o(.text)
    strcat                                   0x080001c1   Thumb Code    24  strcat.o(.text)
    __0sscanf                                0x080001d9   Thumb Code    48  __0sscanf.o(.text)
    _scanf_int                               0x08000211   Thumb Code   332  _scanf_int.o(.text)
    _scanf_real                              0x08000485   Thumb Code     0  scanf_fp.o(.text)
    _scanf_really_real                       0x08000485   Thumb Code   556  scanf_fp.o(.text)
    __aeabi_dmul                             0x080006bd   Thumb Code   228  dmul.o(.text)
    __aeabi_ddiv                             0x080007a1   Thumb Code   222  ddiv.o(.text)
    __aeabi_i2d                              0x0800087f   Thumb Code    34  dflti.o(.text)
    __aeabi_d2iz                             0x080008a1   Thumb Code    62  dfixi.o(.text)
    __aeabi_f2d                              0x080008df   Thumb Code    38  f2d.o(.text)
    __aeabi_d2f                              0x08000905   Thumb Code    56  d2f.o(.text)
    __aeabi_uidiv                            0x0800093d   Thumb Code     0  uidiv.o(.text)
    __aeabi_uidivmod                         0x0800093d   Thumb Code    44  uidiv.o(.text)
    __aeabi_uldivmod                         0x08000969   Thumb Code    98  uldiv.o(.text)
    __aeabi_llsr                             0x080009cb   Thumb Code    32  llushr.o(.text)
    _ll_ushift_r                             0x080009cb   Thumb Code     0  llushr.o(.text)
    _chval                                   0x080009eb   Thumb Code    28  _chval.o(.text)
    __vfscanf_char                           0x08000a15   Thumb Code    20  scanf_char.o(.text)
    _sgetc                                   0x08000a31   Thumb Code    30  _sgetc.o(.text)
    _sbackspace                              0x08000a4f   Thumb Code    34  _sgetc.o(.text)
    __I$use$fp                               0x08000a71   Thumb Code     0  iusefp.o(.text)
    _float_round                             0x08000a71   Thumb Code    18  fepilogue.o(.text)
    _float_epilogue                          0x08000a83   Thumb Code    92  fepilogue.o(.text)
    _double_round                            0x08000adf   Thumb Code    30  depilogue.o(.text)
    _double_epilogue                         0x08000afd   Thumb Code   156  depilogue.o(.text)
    __aeabi_dadd                             0x08000b99   Thumb Code   322  dadd.o(.text)
    __aeabi_dsub                             0x08000cdb   Thumb Code     6  dadd.o(.text)
    __aeabi_drsub                            0x08000ce1   Thumb Code     6  dadd.o(.text)
    __aeabi_ul2d                             0x08000ce7   Thumb Code    24  dfltul.o(.text)
    __aeabi_d2ulz                            0x08000cff   Thumb Code    48  dfixul.o(.text)
    __aeabi_cdrcmple                         0x08000d31   Thumb Code    48  cdrcmple.o(.text)
    __scatterload                            0x08000d61   Thumb Code    28  init.o(.text)
    __scatterload_rt2                        0x08000d61   Thumb Code     0  init.o(.text)
    __aeabi_llsl                             0x08000d85   Thumb Code    30  llshl.o(.text)
    _ll_shift_l                              0x08000d85   Thumb Code     0  llshl.o(.text)
    __aeabi_lasr                             0x08000da3   Thumb Code    36  llsshr.o(.text)
    _ll_sshift_r                             0x08000da3   Thumb Code     0  llsshr.o(.text)
    isspace                                  0x08000dc7   Thumb Code    10  isspace_c.o(.text)
    __vfscanf                                0x08000dd1   Thumb Code   808  _scanf.o(.text)
    __ctype_lookup                           0x080010fd   Thumb Code    34  ctype_c.o(.text)
    ConfigEncoder                            0x08001125   Thumb Code     8  uyen_encoder.o(i.ConfigEncoder)
    Config_GPIO                              0x0800112d   Thumb Code    96  config_gpio.o(i.Config_GPIO)
    Delay_init                               0x08001195   Thumb Code    40  delay.o(i.Delay_init)
    EXTI0_IRQHandler                         0x080011c1   Thumb Code    98  button_gpio.o(i.EXTI0_IRQHandler)
    EXTI1_IRQHandler                         0x0800123d   Thumb Code    98  button_gpio.o(i.EXTI1_IRQHandler)
    EXTI2_IRQHandler                         0x080012b9   Thumb Code    68  button_gpio.o(i.EXTI2_IRQHandler)
    EXTILine0_Config                         0x08001309   Thumb Code    96  button_gpio.o(i.EXTILine0_Config)
    EXTILine1_Config                         0x08001375   Thumb Code    98  button_gpio.o(i.EXTILine1_Config)
    EXTIReset_Config                         0x080013e5   Thumb Code    98  button_gpio.o(i.EXTIReset_Config)
    EXTI_GetITStatus                         0x08001455   Thumb Code    20  stm32f4xx_exti.o(i.EXTI_GetITStatus)
    EXTI_Init                                0x0800146d   Thumb Code   142  stm32f4xx_exti.o(i.EXTI_Init)
    Encoder2_Tim5_Init                       0x08001501   Thumb Code   180  uyen_encoder.o(i.Encoder2_Tim5_Init)
    GPIO_Init                                0x080015bd   Thumb Code   144  stm32f4xx_gpio.o(i.GPIO_Init)
    GPIO_PinAFConfig                         0x0800164d   Thumb Code    70  stm32f4xx_gpio.o(i.GPIO_PinAFConfig)
    GPIO_ReadInputDataBit                    0x08001693   Thumb Code    18  stm32f4xx_gpio.o(i.GPIO_ReadInputDataBit)
    GPIO_ResetBits                           0x080016a5   Thumb Code     4  stm32f4xx_gpio.o(i.GPIO_ResetBits)
    GPIO_SetBits                             0x080016a9   Thumb Code     4  stm32f4xx_gpio.o(i.GPIO_SetBits)
    GPIO_WriteBit                            0x080016ad   Thumb Code    10  stm32f4xx_gpio.o(i.GPIO_WriteBit)
    I2C_LCD_BackLight                        0x080016b9   Thumb Code    26  i2c_lcd.o(i.I2C_LCD_BackLight)
    I2C_LCD_Clear                            0x080016d9   Thumb Code    10  i2c_lcd.o(i.I2C_LCD_Clear)
    I2C_LCD_Init                             0x08001721   Thumb Code   128  i2c_lcd.o(i.I2C_LCD_Init)
    I2C_LCD_Puts                             0x080017a5   Thumb Code    28  i2c_lcd.o(i.I2C_LCD_Puts)
    I2C_Read                                 0x08001861   Thumb Code    70  i2c.o(i.I2C_Read)
    I2C_Write                                0x080018a7   Thumb Code    68  i2c.o(i.I2C_Write)
    LCD_SetCursor                            0x080018eb   Thumb Code    46  i2c_lcd.o(i.LCD_SetCursor)
    LCD_WaitBusy                             0x08001919   Thumb Code   104  i2c_lcd.o(i.LCD_WaitBusy)
    LCD_Write_Chr                            0x08001985   Thumb Code    42  i2c_lcd.o(i.LCD_Write_Chr)
    My_I2C_Init                              0x080019b5   Thumb Code     8  i2c.o(i.My_I2C_Init)
    NVIC_Init                                0x080019bd   Thumb Code   106  misc.o(i.NVIC_Init)
    PWM_TIM1_init                            0x08001a35   Thumb Code   196  pwm.o(i.PWM_TIM1_init)
    RCC_AHB1PeriphClockCmd                   0x08001b01   Thumb Code    26  stm32f4xx_rcc.o(i.RCC_AHB1PeriphClockCmd)
    RCC_APB1PeriphClockCmd                   0x08001b21   Thumb Code    26  stm32f4xx_rcc.o(i.RCC_APB1PeriphClockCmd)
    RCC_APB2PeriphClockCmd                   0x08001b41   Thumb Code    26  stm32f4xx_rcc.o(i.RCC_APB2PeriphClockCmd)
    RCC_GetClocksFreq                        0x08001b61   Thumb Code   214  stm32f4xx_rcc.o(i.RCC_GetClocksFreq)
    SYSCFG_EXTILineConfig                    0x08001c49   Thumb Code    60  stm32f4xx_syscfg.o(i.SYSCFG_EXTILineConfig)
    SysTick_Handler                          0x08001d75   Thumb Code    12  stm32f4xx_it.o(i.SysTick_Handler)
    SystemInit                               0x08001d85   Thumb Code    88  system_stm32f4xx.o(i.SystemInit)
    TIM3_IRQHandler                          0x08001f11   Thumb Code   420  stm32f4xx_it.o(i.TIM3_IRQHandler)
    TIM_ARRPreloadConfig                     0x08002115   Thumb Code    24  stm32f4xx_tim.o(i.TIM_ARRPreloadConfig)
    TIM_ClearITPendingBit                    0x0800212d   Thumb Code     6  stm32f4xx_tim.o(i.TIM_ClearITPendingBit)
    TIM_Cmd                                  0x08002133   Thumb Code    24  stm32f4xx_tim.o(i.TIM_Cmd)
    TIM_CtrlPWMOutputs                       0x0800214b   Thumb Code    30  stm32f4xx_tim.o(i.TIM_CtrlPWMOutputs)
    TIM_EncoderInterfaceConfig               0x08002169   Thumb Code    66  stm32f4xx_tim.o(i.TIM_EncoderInterfaceConfig)
    TIM_GetCounter                           0x080021ab   Thumb Code     6  stm32f4xx_tim.o(i.TIM_GetCounter)
    TIM_GetITStatus                          0x080021b1   Thumb Code    34  stm32f4xx_tim.o(i.TIM_GetITStatus)
    TIM_ICInit                               0x080021d3   Thumb Code   110  stm32f4xx_tim.o(i.TIM_ICInit)
    TIM_ITConfig                             0x08002241   Thumb Code    18  stm32f4xx_tim.o(i.TIM_ITConfig)
    TIM_OC1Init                              0x08002255   Thumb Code   114  stm32f4xx_tim.o(i.TIM_OC1Init)
    TIM_OC1PreloadConfig                     0x080022d1   Thumb Code    18  stm32f4xx_tim.o(i.TIM_OC1PreloadConfig)
    TIM_OC3Init                              0x080022e5   Thumb Code   150  stm32f4xx_tim.o(i.TIM_OC3Init)
    TIM_OC3PreloadConfig                     0x08002385   Thumb Code    18  stm32f4xx_tim.o(i.TIM_OC3PreloadConfig)
    TIM_SetCounter                           0x08002397   Thumb Code     4  stm32f4xx_tim.o(i.TIM_SetCounter)
    TIM_SetIC1Prescaler                      0x0800239b   Thumb Code    18  stm32f4xx_tim.o(i.TIM_SetIC1Prescaler)
    TIM_SetIC2Prescaler                      0x080023ad   Thumb Code    26  stm32f4xx_tim.o(i.TIM_SetIC2Prescaler)
    TIM_SetIC3Prescaler                      0x080023c7   Thumb Code    18  stm32f4xx_tim.o(i.TIM_SetIC3Prescaler)
    TIM_SetIC4Prescaler                      0x080023d9   Thumb Code    26  stm32f4xx_tim.o(i.TIM_SetIC4Prescaler)
    TIM_TimeBaseInit                         0x080023f5   Thumb Code   104  stm32f4xx_tim.o(i.TIM_TimeBaseInit)
    Timer3_Interrupt                         0x08002479   Thumb Code   102  timer_interupt.o(i.Timer3_Interrupt)
    USART1_IRQHandler                        0x080024ed   Thumb Code   164  main.o(i.USART1_IRQHandler)
    USART_ClearITPendingBit                  0x080025cd   Thumb Code    30  stm32f4xx_usart.o(i.USART_ClearITPendingBit)
    USART_Cmd                                0x080025eb   Thumb Code    24  stm32f4xx_usart.o(i.USART_Cmd)
    USART_GetFlagStatus                      0x08002603   Thumb Code    26  stm32f4xx_usart.o(i.USART_GetFlagStatus)
    USART_GetITStatus                        0x0800261d   Thumb Code    84  stm32f4xx_usart.o(i.USART_GetITStatus)
    USART_ITConfig                           0x08002671   Thumb Code    74  stm32f4xx_usart.o(i.USART_ITConfig)
    USART_Init                               0x080026bd   Thumb Code   204  stm32f4xx_usart.o(i.USART_Init)
    USART_ReceiveData                        0x08002791   Thumb Code    10  stm32f4xx_usart.o(i.USART_ReceiveData)
    USART_SendData                           0x0800279b   Thumb Code     8  stm32f4xx_usart.o(i.USART_SendData)
    __0sprintf                               0x080027a5   Thumb Code    34  printfa.o(i.__0sprintf)
    __1sprintf                               0x080027a5   Thumb Code     0  printfa.o(i.__0sprintf)
    __2sprintf                               0x080027a5   Thumb Code     0  printfa.o(i.__0sprintf)
    __c89sprintf                             0x080027a5   Thumb Code     0  printfa.o(i.__0sprintf)
    sprintf                                  0x080027a5   Thumb Code     0  printfa.o(i.__0sprintf)
    __scatterload_copy                       0x080027cd   Thumb Code    14  handlers.o(i.__scatterload_copy)
    __scatterload_null                       0x080027db   Thumb Code     2  handlers.o(i.__scatterload_null)
    __scatterload_zeroinit                   0x080027dd   Thumb Code    14  handlers.o(i.__scatterload_zeroinit)
    _is_digit                                0x08002971   Thumb Code    14  scanf_fp.o(i._is_digit)
    clearbufferEnd                           0x080030b9   Thumb Code    26  main.o(i.clearbufferEnd)
    config_uart1                             0x080030dd   Thumb Code   176  uyen_uart.o(i.config_uart1)
    delay_ms                                 0x08003195   Thumb Code    36  delay.o(i.delay_ms)
    delay_us                                 0x080031bd   Thumb Code    26  delay.o(i.delay_us)
    i2c_init                                 0x080031dd   Thumb Code    68  i2c.o(i.i2c_init)
    i2c_read                                 0x08003225   Thumb Code   156  i2c.o(i.i2c_read)
    i2c_start                                0x080032c5   Thumb Code    68  i2c.o(i.i2c_start)
    i2c_stop                                 0x0800330d   Thumb Code    52  i2c.o(i.i2c_stop)
    i2c_write                                0x08003345   Thumb Code   162  i2c.o(i.i2c_write)
    main                                     0x080033ed   Thumb Code   610  main.o(i.main)
    millis                                   0x080036c5   Thumb Code     6  delay.o(i.millis)
    pid_speed                                0x080036d1   Thumb Code   158  stm32f4xx_it.o(i.pid_speed)
    resetData                                0x08003799   Thumb Code    58  main.o(i.resetData)
    send_string_uart                         0x080037dd   Thumb Code    44  uyen_uart.o(i.send_string_uart)
    __ctype_categories                       0x0800380c   Data          64  ctype_c.o(.constdata)
    Region$$Table$$Base                      0x0800384c   Number         0  anon$$obj.o(Region$$Table)
    Region$$Table$$Limit                     0x0800386c   Number         0  anon$$obj.o(Region$$Table)
    __msTick                                 0x20000000   Data           4  stm32f4xx_it.o(.data)
    encoder                                  0x20000004   Data           2  stm32f4xx_it.o(.data)
    speed                                    0x20000008   Data           4  stm32f4xx_it.o(.data)
    error_pid                                0x2000000c   Data           4  stm32f4xx_it.o(.data)
    DIR                                      0x20000010   Data           1  stm32f4xx_it.o(.data)
    output                                   0x20000014   Data           4  stm32f4xx_it.o(.data)
    KP                                       0x20000018   Data           4  stm32f4xx_it.o(.data)
    KI                                       0x2000001c   Data           4  stm32f4xx_it.o(.data)
    KD                                       0x20000020   Data           4  stm32f4xx_it.o(.data)
    counter                                  0x20000024   Data           2  stm32f4xx_it.o(.data)
    preCount                                 0x20000026   Data           2  stm32f4xx_it.o(.data)
    status_LED                               0x20000028   Data           1  stm32f4xx_it.o(.data)
    kp                                       0x2000002c   Data           4  stm32f4xx_it.o(.data)
    ki                                       0x20000030   Data           4  stm32f4xx_it.o(.data)
    kd                                       0x20000034   Data           4  stm32f4xx_it.o(.data)
    flag_LED                                 0x20000038   Data           1  stm32f4xx_it.o(.data)
    SystemCoreClock                          0x20000040   Data           4  system_stm32f4xx.o(.data)
    AHBPrescTable                            0x20000044   Data          16  system_stm32f4xx.o(.data)
    rx_index                                 0x20000054   Data           1  main.o(.data)
    last_uart                                0x20000058   Data           4  main.o(.data)
    last_dirLed                              0x2000005c   Data           4  main.o(.data)
    button                                   0x20000060   Data           1  main.o(.data)
    motor                                    0x20000064   Data           4  main.o(.data)
    dir                                      0x20000068   Data           4  main.o(.data)
    setpoint                                 0x2000006c   Data           4  main.o(.data)
    ledState                                 0x20000070   Data           1  main.o(.data)
    data_rx                                  0x20000072   Data           2  main.o(.data)
    sp_rx                                    0x20000074   Data           4  main.o(.data)
    motor_rx                                 0x20000078   Data           4  main.o(.data)
    dir_rx                                   0x2000007c   Data           4  main.o(.data)
    button_rx                                0x20000080   Data           4  main.o(.data)
    button_stm                               0x20000084   Data           1  main.o(.data)
    count_led                                0x20000088   Data           4  main.o(.data)
    state_dir                                0x2000008c   Data           1  main.o(.data)
    state_dir_                               0x2000008d   Data           1  main.o(.data)
    NVIC_InitStructure                       0x20000090   Data           4  button_gpio.o(.data)
    EXTI_InitStructure                       0x20000094   Data           8  button_gpio.o(.data)
    count1                                   0x2000009c   Data           1  button_gpio.o(.data)
    count2                                   0x2000009d   Data           1  button_gpio.o(.data)
    count1_                                  0x2000009e   Data           1  button_gpio.o(.data)
    count2_                                  0x2000009f   Data           1  button_gpio.o(.data)
    count_reset                              0x200000a0   Data           1  button_gpio.o(.data)
    flag_exti                                0x200000a1   Data           1  button_gpio.o(.data)
    start_btn                                0x200000a2   Data           1  button_gpio.o(.data)
    stop_btn                                 0x200000a3   Data           1  button_gpio.o(.data)
    check_rx                                 0x200000c0   Data          10  main.o(.bss)
    speed_lcd                                0x200000ca   Data          10  main.o(.bss)
    dir_lcd                                  0x200000d4   Data          10  main.o(.bss)
    rx_buffer                                0x200000de   Data          50  main.o(.bss)
    __initial_sp                             0x20000510   Data           0  startup_stm32f40xx.o(STACK)



==============================================================================

Memory Map of the image

  Image Entry point : 0x0800019d

  Load Region LR_1 (Base: 0x08000000, Size: 0x0000392c, Max: 0xffffffff, ABSOLUTE)

    Execution Region ER_RO (Exec base: 0x08000000, Load base: 0x08000000, Size: 0x0000386c, Max: 0xffffffff, ABSOLUTE)

    Exec Addr    Load Addr    Size         Type   Attr      Idx    E Section Name        Object

    0x08000000   0x08000000   0x00000188   Data   RO          710    RESET               startup_stm32f40xx.o
    0x08000188   0x08000188   0x00000000   Code   RO         2315  * .ARM.Collect$$$$00000000  mc_w.l(entry.o)
    0x08000188   0x08000188   0x00000004   Code   RO         2601    .ARM.Collect$$$$00000001  mc_w.l(entry2.o)
    0x0800018c   0x0800018c   0x00000004   Code   RO         2604    .ARM.Collect$$$$00000004  mc_w.l(entry5.o)
    0x08000190   0x08000190   0x00000000   Code   RO         2606    .ARM.Collect$$$$00000008  mc_w.l(entry7b.o)
    0x08000190   0x08000190   0x00000000   Code   RO         2608    .ARM.Collect$$$$0000000A  mc_w.l(entry8b.o)
    0x08000190   0x08000190   0x00000008   Code   RO         2609    .ARM.Collect$$$$0000000B  mc_w.l(entry9a.o)
    0x08000198   0x08000198   0x00000000   Code   RO         2611    .ARM.Collect$$$$0000000D  mc_w.l(entry10a.o)
    0x08000198   0x08000198   0x00000000   Code   RO         2613    .ARM.Collect$$$$0000000F  mc_w.l(entry11a.o)
    0x08000198   0x08000198   0x00000004   Code   RO         2602    .ARM.Collect$$$$00002712  mc_w.l(entry2.o)
    0x0800019c   0x0800019c   0x00000024   Code   RO          711  * .text               startup_stm32f40xx.o
    0x080001c0   0x080001c0   0x00000018   Code   RO         2318    .text               mc_w.l(strcat.o)
    0x080001d8   0x080001d8   0x00000038   Code   RO         2581    .text               mc_w.l(__0sscanf.o)
    0x08000210   0x08000210   0x0000014c   Code   RO         2583    .text               mc_w.l(_scanf_int.o)
    0x0800035c   0x0800035c   0x00000360   Code   RO         2585    .text               mc_w.l(scanf_fp.o)
    0x080006bc   0x080006bc   0x000000e4   Code   RO         2589    .text               mf_w.l(dmul.o)
    0x080007a0   0x080007a0   0x000000de   Code   RO         2591    .text               mf_w.l(ddiv.o)
    0x0800087e   0x0800087e   0x00000022   Code   RO         2593    .text               mf_w.l(dflti.o)
    0x080008a0   0x080008a0   0x0000003e   Code   RO         2595    .text               mf_w.l(dfixi.o)
    0x080008de   0x080008de   0x00000026   Code   RO         2597    .text               mf_w.l(f2d.o)
    0x08000904   0x08000904   0x00000038   Code   RO         2599    .text               mf_w.l(d2f.o)
    0x0800093c   0x0800093c   0x0000002c   Code   RO         2618    .text               mc_w.l(uidiv.o)
    0x08000968   0x08000968   0x00000062   Code   RO         2620    .text               mc_w.l(uldiv.o)
    0x080009ca   0x080009ca   0x00000020   Code   RO         2622    .text               mc_w.l(llushr.o)
    0x080009ea   0x080009ea   0x0000001c   Code   RO         2624    .text               mc_w.l(_chval.o)
    0x08000a06   0x08000a06   0x00000002   PAD
    0x08000a08   0x08000a08   0x00000028   Code   RO         2626    .text               mc_w.l(scanf_char.o)
    0x08000a30   0x08000a30   0x00000040   Code   RO         2628    .text               mc_w.l(_sgetc.o)
    0x08000a70   0x08000a70   0x00000000   Code   RO         2630    .text               mc_w.l(iusefp.o)
    0x08000a70   0x08000a70   0x0000006e   Code   RO         2631    .text               mf_w.l(fepilogue.o)
    0x08000ade   0x08000ade   0x000000ba   Code   RO         2633    .text               mf_w.l(depilogue.o)
    0x08000b98   0x08000b98   0x0000014e   Code   RO         2635    .text               mf_w.l(dadd.o)
    0x08000ce6   0x08000ce6   0x00000018   Code   RO         2637    .text               mf_w.l(dfltul.o)
    0x08000cfe   0x08000cfe   0x00000030   Code   RO         2639    .text               mf_w.l(dfixul.o)
    0x08000d2e   0x08000d2e   0x00000002   PAD
    0x08000d30   0x08000d30   0x00000030   Code   RO         2641    .text               mf_w.l(cdrcmple.o)
    0x08000d60   0x08000d60   0x00000024   Code   RO         2643    .text               mc_w.l(init.o)
    0x08000d84   0x08000d84   0x0000001e   Code   RO         2646    .text               mc_w.l(llshl.o)
    0x08000da2   0x08000da2   0x00000024   Code   RO         2648    .text               mc_w.l(llsshr.o)
    0x08000dc6   0x08000dc6   0x0000000a   Code   RO         2650    .text               mc_w.l(isspace_c.o)
    0x08000dd0   0x08000dd0   0x0000032c   Code   RO         2652    .text               mc_w.l(_scanf.o)
    0x080010fc   0x080010fc   0x00000028   Code   RO         2655    .text               mc_w.l(ctype_c.o)
    0x08001124   0x08001124   0x00000008   Code   RO          381    i.ConfigEncoder     uyen_encoder.o
    0x0800112c   0x0800112c   0x00000068   Code   RO          209    i.Config_GPIO       config_gpio.o
    0x08001194   0x08001194   0x0000002c   Code   RO          233    i.Delay_init        delay.o
    0x080011c0   0x080011c0   0x0000007c   Code   RO          495    i.EXTI0_IRQHandler  button_gpio.o
    0x0800123c   0x0800123c   0x0000007c   Code   RO          496    i.EXTI1_IRQHandler  button_gpio.o
    0x080012b8   0x080012b8   0x00000050   Code   RO          497    i.EXTI2_IRQHandler  button_gpio.o
    0x08001308   0x08001308   0x0000006c   Code   RO          498    i.EXTILine0_Config  button_gpio.o
    0x08001374   0x08001374   0x00000070   Code   RO          499    i.EXTILine1_Config  button_gpio.o
    0x080013e4   0x080013e4   0x00000070   Code   RO          500    i.EXTIReset_Config  button_gpio.o
    0x08001454   0x08001454   0x00000018   Code   RO         2029    i.EXTI_GetITStatus  stm32f4xx_exti.o
    0x0800146c   0x0800146c   0x00000094   Code   RO         2030    i.EXTI_Init         stm32f4xx_exti.o
    0x08001500   0x08001500   0x000000bc   Code   RO          383    i.Encoder2_Tim5_Init  uyen_encoder.o
    0x080015bc   0x080015bc   0x00000090   Code   RO         1297    i.GPIO_Init         stm32f4xx_gpio.o
    0x0800164c   0x0800164c   0x00000046   Code   RO         1298    i.GPIO_PinAFConfig  stm32f4xx_gpio.o
    0x08001692   0x08001692   0x00000012   Code   RO         1301    i.GPIO_ReadInputDataBit  stm32f4xx_gpio.o
    0x080016a4   0x080016a4   0x00000004   Code   RO         1304    i.GPIO_ResetBits    stm32f4xx_gpio.o
    0x080016a8   0x080016a8   0x00000004   Code   RO         1305    i.GPIO_SetBits      stm32f4xx_gpio.o
    0x080016ac   0x080016ac   0x0000000a   Code   RO         1309    i.GPIO_WriteBit     stm32f4xx_gpio.o
    0x080016b6   0x080016b6   0x00000002   PAD
    0x080016b8   0x080016b8   0x00000020   Code   RO          552    i.I2C_LCD_BackLight  i2c_lcd.o
    0x080016d8   0x080016d8   0x0000000a   Code   RO          553    i.I2C_LCD_Clear     i2c_lcd.o
    0x080016e2   0x080016e2   0x00000002   PAD
    0x080016e4   0x080016e4   0x0000003c   Code   RO          554    i.I2C_LCD_FlushVal  i2c_lcd.o
    0x08001720   0x08001720   0x00000084   Code   RO          555    i.I2C_LCD_Init      i2c_lcd.o
    0x080017a4   0x080017a4   0x0000001c   Code   RO          556    i.I2C_LCD_Puts      i2c_lcd.o
    0x080017c0   0x080017c0   0x00000030   Code   RO          557    i.I2C_LCD_WriteCmd  i2c_lcd.o
    0x080017f0   0x080017f0   0x00000070   Code   RO          558    i.I2C_LCD_Write_4bit  i2c_lcd.o
    0x08001860   0x08001860   0x00000046   Code   RO          642    i.I2C_Read          i2c.o
    0x080018a6   0x080018a6   0x00000044   Code   RO          643    i.I2C_Write         i2c.o
    0x080018ea   0x080018ea   0x0000002e   Code   RO          560    i.LCD_SetCursor     i2c_lcd.o
    0x08001918   0x08001918   0x0000006c   Code   RO          561    i.LCD_WaitBusy      i2c_lcd.o
    0x08001984   0x08001984   0x00000030   Code   RO          562    i.LCD_Write_Chr     i2c_lcd.o
    0x080019b4   0x080019b4   0x00000008   Code   RO          644    i.My_I2C_Init       i2c.o
    0x080019bc   0x080019bc   0x00000078   Code   RO          718    i.NVIC_Init         misc.o
    0x08001a34   0x08001a34   0x000000cc   Code   RO          279    i.PWM_TIM1_init     pwm.o
    0x08001b00   0x08001b00   0x00000020   Code   RO          958    i.RCC_AHB1PeriphClockCmd  stm32f4xx_rcc.o
    0x08001b20   0x08001b20   0x00000020   Code   RO          967    i.RCC_APB1PeriphClockCmd  stm32f4xx_rcc.o
    0x08001b40   0x08001b40   0x00000020   Code   RO          970    i.RCC_APB2PeriphClockCmd  stm32f4xx_rcc.o
    0x08001b60   0x08001b60   0x000000e8   Code   RO          979    i.RCC_GetClocksFreq  stm32f4xx_rcc.o
    0x08001c48   0x08001c48   0x00000040   Code   RO         1967    i.SYSCFG_EXTILineConfig  stm32f4xx_syscfg.o
    0x08001c88   0x08001c88   0x000000ec   Code   RO          168    i.SetSysClock       system_stm32f4xx.o
    0x08001d74   0x08001d74   0x00000010   Code   RO            4    i.SysTick_Handler   stm32f4xx_it.o
    0x08001d84   0x08001d84   0x00000068   Code   RO          170    i.SystemInit        system_stm32f4xx.o
    0x08001dec   0x08001dec   0x0000003a   Code   RO         1398    i.TI1_Config        stm32f4xx_tim.o
    0x08001e26   0x08001e26   0x00000050   Code   RO         1399    i.TI2_Config        stm32f4xx_tim.o
    0x08001e76   0x08001e76   0x00000048   Code   RO         1400    i.TI3_Config        stm32f4xx_tim.o
    0x08001ebe   0x08001ebe   0x00000050   Code   RO         1401    i.TI4_Config        stm32f4xx_tim.o
    0x08001f0e   0x08001f0e   0x00000002   PAD
    0x08001f10   0x08001f10   0x00000204   Code   RO            5    i.TIM3_IRQHandler   stm32f4xx_it.o
    0x08002114   0x08002114   0x00000018   Code   RO         1402    i.TIM_ARRPreloadConfig  stm32f4xx_tim.o
    0x0800212c   0x0800212c   0x00000006   Code   RO         1409    i.TIM_ClearITPendingBit  stm32f4xx_tim.o
    0x08002132   0x08002132   0x00000018   Code   RO         1414    i.TIM_Cmd           stm32f4xx_tim.o
    0x0800214a   0x0800214a   0x0000001e   Code   RO         1416    i.TIM_CtrlPWMOutputs  stm32f4xx_tim.o
    0x08002168   0x08002168   0x00000042   Code   RO         1423    i.TIM_EncoderInterfaceConfig  stm32f4xx_tim.o
    0x080021aa   0x080021aa   0x00000006   Code   RO         1433    i.TIM_GetCounter    stm32f4xx_tim.o
    0x080021b0   0x080021b0   0x00000022   Code   RO         1435    i.TIM_GetITStatus   stm32f4xx_tim.o
    0x080021d2   0x080021d2   0x0000006e   Code   RO         1437    i.TIM_ICInit        stm32f4xx_tim.o
    0x08002240   0x08002240   0x00000012   Code   RO         1439    i.TIM_ITConfig      stm32f4xx_tim.o
    0x08002252   0x08002252   0x00000002   PAD
    0x08002254   0x08002254   0x0000007c   Code   RO         1443    i.TIM_OC1Init       stm32f4xx_tim.o
    0x080022d0   0x080022d0   0x00000012   Code   RO         1446    i.TIM_OC1PreloadConfig  stm32f4xx_tim.o
    0x080022e2   0x080022e2   0x00000002   PAD
    0x080022e4   0x080022e4   0x000000a0   Code   RO         1453    i.TIM_OC3Init       stm32f4xx_tim.o
    0x08002384   0x08002384   0x00000012   Code   RO         1456    i.TIM_OC3PreloadConfig  stm32f4xx_tim.o
    0x08002396   0x08002396   0x00000004   Code   RO         1480    i.TIM_SetCounter    stm32f4xx_tim.o
    0x0800239a   0x0800239a   0x00000012   Code   RO         1481    i.TIM_SetIC1Prescaler  stm32f4xx_tim.o
    0x080023ac   0x080023ac   0x0000001a   Code   RO         1482    i.TIM_SetIC2Prescaler  stm32f4xx_tim.o
    0x080023c6   0x080023c6   0x00000012   Code   RO         1483    i.TIM_SetIC3Prescaler  stm32f4xx_tim.o
    0x080023d8   0x080023d8   0x0000001a   Code   RO         1484    i.TIM_SetIC4Prescaler  stm32f4xx_tim.o
    0x080023f2   0x080023f2   0x00000002   PAD
    0x080023f4   0x080023f4   0x00000084   Code   RO         1486    i.TIM_TimeBaseInit  stm32f4xx_tim.o
    0x08002478   0x08002478   0x00000074   Code   RO          417    i.Timer3_Interrupt  timer_interupt.o
    0x080024ec   0x080024ec   0x000000e0   Code   RO          306    i.USART1_IRQHandler  main.o
    0x080025cc   0x080025cc   0x0000001e   Code   RO          767    i.USART_ClearITPendingBit  stm32f4xx_usart.o
    0x080025ea   0x080025ea   0x00000018   Code   RO          770    i.USART_Cmd         stm32f4xx_usart.o
    0x08002602   0x08002602   0x0000001a   Code   RO          773    i.USART_GetFlagStatus  stm32f4xx_usart.o
    0x0800261c   0x0800261c   0x00000054   Code   RO          774    i.USART_GetITStatus  stm32f4xx_usart.o
    0x08002670   0x08002670   0x0000004a   Code   RO          776    i.USART_ITConfig    stm32f4xx_usart.o
    0x080026ba   0x080026ba   0x00000002   PAD
    0x080026bc   0x080026bc   0x000000d4   Code   RO          777    i.USART_Init        stm32f4xx_usart.o
    0x08002790   0x08002790   0x0000000a   Code   RO          784    i.USART_ReceiveData  stm32f4xx_usart.o
    0x0800279a   0x0800279a   0x00000008   Code   RO          787    i.USART_SendData    stm32f4xx_usart.o
    0x080027a2   0x080027a2   0x00000002   PAD
    0x080027a4   0x080027a4   0x00000028   Code   RO         2555    i.__0sprintf        mc_w.l(printfa.o)
    0x080027cc   0x080027cc   0x0000000e   Code   RO         2660    i.__scatterload_copy  mc_w.l(handlers.o)
    0x080027da   0x080027da   0x00000002   Code   RO         2661    i.__scatterload_null  mc_w.l(handlers.o)
    0x080027dc   0x080027dc   0x0000000e   Code   RO         2662    i.__scatterload_zeroinit  mc_w.l(handlers.o)
    0x080027ea   0x080027ea   0x00000002   PAD
    0x080027ec   0x080027ec   0x00000184   Code   RO         2560    i._fp_digits        mc_w.l(printfa.o)
    0x08002970   0x08002970   0x0000000e   Code   RO         2587    i._is_digit         mc_w.l(scanf_fp.o)
    0x0800297e   0x0800297e   0x00000002   PAD
    0x08002980   0x08002980   0x000006dc   Code   RO         2561    i._printf_core      mc_w.l(printfa.o)
    0x0800305c   0x0800305c   0x00000024   Code   RO         2562    i._printf_post_padding  mc_w.l(printfa.o)
    0x08003080   0x08003080   0x0000002e   Code   RO         2563    i._printf_pre_padding  mc_w.l(printfa.o)
    0x080030ae   0x080030ae   0x0000000a   Code   RO         2565    i._sputc            mc_w.l(printfa.o)
    0x080030b8   0x080030b8   0x00000024   Code   RO          307    i.clearbufferEnd    main.o
    0x080030dc   0x080030dc   0x000000b8   Code   RO          444    i.config_uart1      uyen_uart.o
    0x08003194   0x08003194   0x00000028   Code   RO          234    i.delay_ms          delay.o
    0x080031bc   0x080031bc   0x00000020   Code   RO          235    i.delay_us          delay.o
    0x080031dc   0x080031dc   0x00000048   Code   RO          645    i.i2c_init          i2c.o
    0x08003224   0x08003224   0x000000a0   Code   RO          646    i.i2c_read          i2c.o
    0x080032c4   0x080032c4   0x00000048   Code   RO          647    i.i2c_start         i2c.o
    0x0800330c   0x0800330c   0x00000038   Code   RO          648    i.i2c_stop          i2c.o
    0x08003344   0x08003344   0x000000a8   Code   RO          649    i.i2c_write         i2c.o
    0x080033ec   0x080033ec   0x000002d8   Code   RO          308    i.main              main.o
    0x080036c4   0x080036c4   0x0000000c   Code   RO          236    i.millis            delay.o
    0x080036d0   0x080036d0   0x000000c8   Code   RO            6    i.pid_speed         stm32f4xx_it.o
    0x08003798   0x08003798   0x00000044   Code   RO          309    i.resetData         main.o
    0x080037dc   0x080037dc   0x00000030   Code   RO          446    i.send_string_uart  uyen_uart.o
    0x0800380c   0x0800380c   0x00000040   Data   RO         2656    .constdata          mc_w.l(ctype_c.o)
    0x0800384c   0x0800384c   0x00000020   Data   RO         2658    Region$$Table       anon$$obj.o


    Execution Region ER_RW (Exec base: 0x20000000, Load base: 0x0800386c, Size: 0x000000c0, Max: 0xffffffff, ABSOLUTE)

    Exec Addr    Load Addr    Size         Type   Attr      Idx    E Section Name        Object

    0x20000000   0x0800386c   0x00000040   Data   RW            7    .data               stm32f4xx_it.o
    0x20000040   0x080038ac   0x00000014   Data   RW          171    .data               system_stm32f4xx.o
    0x20000054   0x080038c0   0x0000003a   Data   RW          311    .data               main.o
    0x2000008e   0x080038fa   0x00000002   PAD
    0x20000090   0x080038fc   0x00000014   Data   RW          501    .data               button_gpio.o
    0x200000a4   0x08003910   0x00000009   Data   RW          563    .data               i2c_lcd.o
    0x200000ad   0x08003919   0x00000010   Data   RW         1011    .data               stm32f4xx_rcc.o


    Execution Region ER_ZI (Exec base: 0x200000c0, Load base: 0x0800392c, Size: 0x00000450, Max: 0xffffffff, ABSOLUTE)

    Exec Addr    Load Addr    Size         Type   Attr      Idx    E Section Name        Object

    0x200000c0        -       0x00000050   Zero   RW          310    .bss                main.o
    0x20000110        -       0x00000400   Zero   RW          708    STACK               startup_stm32f40xx.o


==============================================================================

Image component sizes


      Code (inc. data)   RO Data    RW Data    ZI Data      Debug   Object Name

       660        104          0         20          0       3873   button_gpio.o
       104          8          0          0          0        554   config_gpio.o
       128         20          0          0          0       2004   delay.o
       674         22          0          0          0       5322   i2c.o
       624         40          0          9          0       6133   i2c_lcd.o
      1056        198          0         58         80      30783   main.o
       120         14          0          0          0       1140   misc.o
       204          8          0          0          0        692   pwm.o
        36          8        392          0       1024        924   startup_stm32f40xx.o
       172         10          0          0          0       1735   stm32f4xx_exti.o
       250          0          0          0          0       4511   stm32f4xx_gpio.o
       732        142          0         64          0     296481   stm32f4xx_it.o
       328         36          0         16          0       4963   stm32f4xx_rcc.o
        64          4          0          0          0        704   stm32f4xx_syscfg.o
      1152         48          0          0          0      16632   stm32f4xx_tim.o
       468          8          0          0          0       6623   stm32f4xx_usart.o
       340         32          0         20          0       1805   system_stm32f4xx.o
       116         14          0          0          0        607   timer_interupt.o
       196          8          0          0          0       1197   uyen_encoder.o
       232         12          0          0          0       1642   uyen_uart.o

    ----------------------------------------------------------------------
      7672        736        424        192       1104     388325   Object Totals
         0          0         32          0          0          0   (incl. Generated)
        16          0          0          5          0          0   (incl. Padding)

    ----------------------------------------------------------------------

      Code (inc. data)   RO Data    RW Data    ZI Data      Debug   Library Member Name

        56          8          0          0          0         84   __0sscanf.o
        28          0          0          0          0         68   _chval.o
       812          4          0          0          0        112   _scanf.o
       332          0          0          0          0         96   _scanf_int.o
        64          0          0          0          0         84   _sgetc.o
        40          6         64          0          0         68   ctype_c.o
         0          0          0          0          0          0   entry.o
         0          0          0          0          0          0   entry10a.o
         0          0          0          0          0          0   entry11a.o
         8          4          0          0          0          0   entry2.o
         4          0          0          0          0          0   entry5.o
         0          0          0          0          0          0   entry7b.o
         0          0          0          0          0          0   entry8b.o
         8          4          0          0          0          0   entry9a.o
        30          0          0          0          0          0   handlers.o
        36          8          0          0          0         68   init.o
        10          0          0          0          0         68   isspace_c.o
         0          0          0          0          0          0   iusefp.o
        30          0          0          0          0         68   llshl.o
        36          0          0          0          0         68   llsshr.o
        32          0          0          0          0         68   llushr.o
      2276         86          0          0          0        520   printfa.o
        40          8          0          0          0         84   scanf_char.o
       878         12          0          0          0        216   scanf_fp.o
        24          0          0          0          0         68   strcat.o
        44          0          0          0          0         80   uidiv.o
        98          0          0          0          0         92   uldiv.o
        48          0          0          0          0         68   cdrcmple.o
        56          0          0          0          0         88   d2f.o
       334          0          0          0          0        148   dadd.o
       222          0          0          0          0        100   ddiv.o
       186          0          0          0          0        176   depilogue.o
        62          0          0          0          0         80   dfixi.o
        48          0          0          0          0         68   dfixul.o
        34          0          0          0          0         76   dflti.o
        24          0          0          0          0         76   dfltul.o
       228          0          0          0          0         96   dmul.o
        38          0          0          0          0         68   f2d.o
       110          0          0          0          0        168   fepilogue.o

    ----------------------------------------------------------------------
      6284        140         64          0          0       3124   Library Totals
         8          0          0          0          0          0   (incl. Padding)

    ----------------------------------------------------------------------

      Code (inc. data)   RO Data    RW Data    ZI Data      Debug   Library Name

      4886        140         64          0          0       1912   mc_w.l
      1390          0          0          0          0       1212   mf_w.l

    ----------------------------------------------------------------------
      6284        140         64          0          0       3124   Library Totals

    ----------------------------------------------------------------------

==============================================================================


      Code (inc. data)   RO Data    RW Data    ZI Data      Debug   

     13956        876        488        192       1104     381689   Grand Totals
     13956        876        488        192       1104     381689   ELF Image Totals
     13956        876        488        192          0          0   ROM Totals

==============================================================================

    Total RO  Size (Code + RO Data)                14444 (  14.11kB)
    Total RW  Size (RW Data + ZI Data)              1296 (   1.27kB)
    Total ROM Size (Code + RO Data + RW Data)      14636 (  14.29kB)

==============================================================================

